Component: ARM Compiler 5.06 update 1 (build 61) Tool: armlink [4d35a8]

==============================================================================

Section Cross References

    system_stm32f4xx.o(i.SystemCoreClockUpdate) refers to system_stm32f4xx.o(.data) for SystemCoreClock
    system_stm32f4xx.o(i.SystemInit) refers to system_stm32f4xx.o(i.SetSysClock) for SetSysClock
    startup_stm32f40_41xxx.o(STACK) refers (Special) to heapauxi.o(.text) for __use_two_region_memory
    startup_stm32f40_41xxx.o(HEAP) refers (Special) to heapauxi.o(.text) for __use_two_region_memory
    startup_stm32f40_41xxx.o(RESET) refers (Special) to heapauxi.o(.text) for __use_two_region_memory
    startup_stm32f40_41xxx.o(RESET) refers to startup_stm32f40_41xxx.o(STACK) for __initial_sp
    startup_stm32f40_41xxx.o(RESET) refers to startup_stm32f40_41xxx.o(.text) for Reset_Handler
    startup_stm32f40_41xxx.o(RESET) refers to stm32f4xx_it.o(i.NMI_Handler) for NMI_Handler
    startup_stm32f40_41xxx.o(RESET) refers to stm32f4xx_it.o(i.HardFault_Handler) for HardFault_Handler
    startup_stm32f40_41xxx.o(RESET) refers to stm32f4xx_it.o(i.MemManage_Handler) for MemManage_Handler
    startup_stm32f40_41xxx.o(RESET) refers to stm32f4xx_it.o(i.BusFault_Handler) for BusFault_Handler
    startup_stm32f40_41xxx.o(RESET) refers to stm32f4xx_it.o(i.UsageFault_Handler) for UsageFault_Handler
    startup_stm32f40_41xxx.o(RESET) refers to stm32f4xx_it.o(i.SVC_Handler) for SVC_Handler
    startup_stm32f40_41xxx.o(RESET) refers to stm32f4xx_it.o(i.DebugMon_Handler) for DebugMon_Handler
    startup_stm32f40_41xxx.o(RESET) refers to os_cpu_c.o(i.SysTick_Handler) for SysTick_Handler
    startup_stm32f40_41xxx.o(.text) refers (Special) to heapauxi.o(.text) for __use_two_region_memory
    startup_stm32f40_41xxx.o(.text) refers to system_stm32f4xx.o(i.SystemInit) for SystemInit
    startup_stm32f40_41xxx.o(.text) refers to __main.o(!!!main) for __main
    startup_stm32f40_41xxx.o(.text) refers to startup_stm32f40_41xxx.o(HEAP) for Heap_Mem
    startup_stm32f40_41xxx.o(.text) refers to startup_stm32f40_41xxx.o(STACK) for Stack_Mem
    stm32f4xx_rcc.o(i.RCC_GetClocksFreq) refers to stm32f4xx_rcc.o(.data) for APBAHBPrescTable
    stm32f4xx_rcc.o(i.RCC_WaitForHSEStartUp) refers to stm32f4xx_rcc.o(i.RCC_GetFlagStatus) for RCC_GetFlagStatus
    stm32f4xx_gpio.o(i.GPIO_DeInit) refers to stm32f4xx_rcc.o(i.RCC_AHB1PeriphResetCmd) for RCC_AHB1PeriphResetCmd
    os_cpu_a.o(CODE) refers (Special) to os_core.o(i.OSIntExit) for OSIntExit
    os_cpu_a.o(CODE) refers (Special) to os_var.o(.data) for OSRunning
    os_cpu_a.o(CODE) refers to os_cpu_c.o(.data) for OS_CPU_ExceptStkBase
    os_cpu_a.o(CODE) refers to os_cpu_c.o(i.OSTaskSwHook) for OSTaskSwHook
    os_cpu_c.o(i.OSInitHook) refers to os_cfg_app.o(.constdata) for OSCfg_ISRStkBasePtr
    os_cpu_c.o(i.OSInitHook) refers to os_cpu_c.o(.data) for OS_CPU_ExceptStkBase
    os_cpu_c.o(i.OSTaskStkInit) refers to os_task.o(i.OS_TaskReturn) for OS_TaskReturn
    os_cpu_c.o(i.OSTaskSwHook) refers to os_cpu_a.o(CODE) for OS_CPU_FP_Reg_Push
    os_cpu_c.o(i.OSTaskSwHook) refers to bsp.o(i.CPU_TS_TmrRd) for CPU_TS_TmrRd
    os_cpu_c.o(i.OSTaskSwHook) refers to os_var.o(.data) for OSTCBCurPtr
    os_cpu_c.o(i.SysTick_Handler) refers to cpu_a.o(.text) for CPU_SR_Save
    os_cpu_c.o(i.SysTick_Handler) refers to os_time.o(i.OSTimeTick) for OSTimeTick
    os_cpu_c.o(i.SysTick_Handler) refers to os_core.o(i.OSIntExit) for OSIntExit
    os_cpu_c.o(i.SysTick_Handler) refers to os_var.o(.data) for OSIntNestingCtr
    cpu_core.o(i.CPU_CntLeadZeros08) refers to cpu_a.o(.text) for CPU_CntLeadZeros
    cpu_core.o(i.CPU_CntLeadZeros16) refers to cpu_a.o(.text) for CPU_CntLeadZeros
    cpu_core.o(i.CPU_CntLeadZeros32) refers to cpu_a.o(.text) for CPU_CntLeadZeros
    cpu_core.o(i.CPU_CntLeadZeros64) refers to cpu_core.o(.constdata) for CPU_CntLeadZerosTbl
    cpu_core.o(i.CPU_CntTrailZeros08) refers to cpu_a.o(.text) for CPU_CntTrailZeros
    cpu_core.o(i.CPU_CntTrailZeros16) refers to cpu_a.o(.text) for CPU_CntTrailZeros
    cpu_core.o(i.CPU_CntTrailZeros32) refers to cpu_a.o(.text) for CPU_CntTrailZeros
    cpu_core.o(i.CPU_CntTrailZeros64) refers to cpu_core.o(i.CPU_CntLeadZeros64) for CPU_CntLeadZeros64
    cpu_core.o(i.CPU_Init) refers to cpu_core.o(i.CPU_TS_Init) for CPU_TS_Init
    cpu_core.o(i.CPU_Init) refers to cpu_core.o(i.CPU_NameInit) for CPU_NameInit
    cpu_core.o(i.CPU_NameClr) refers to cpu_a.o(.text) for CPU_SR_Save
    cpu_core.o(i.CPU_NameClr) refers to lib_mem.o(i.Mem_Clr) for Mem_Clr
    cpu_core.o(i.CPU_NameClr) refers to cpu_core.o(.bss) for CPU_Name
    cpu_core.o(i.CPU_NameGet) refers to cpu_core.o(i.CPU_SW_Exception) for CPU_SW_Exception
    cpu_core.o(i.CPU_NameGet) refers to cpu_a.o(.text) for CPU_SR_Save
    cpu_core.o(i.CPU_NameGet) refers to lib_str.o(i.Str_Copy_N) for Str_Copy_N
    cpu_core.o(i.CPU_NameGet) refers to cpu_core.o(.bss) for CPU_Name
[...]
    __rtentry2.o(.ARM.exidx) refers to __rtentry2.o(.ARM.Collect$$rtentry$$0000000B) for .ARM.Collect$$rtentry$$0000000B
    __rtentry2.o(.ARM.exidx) refers to __rtentry2.o(.ARM.Collect$$rtentry$$0000000D) for .ARM.Collect$$rtentry$$0000000D
    __rtentry4.o(.ARM.Collect$$rtentry$$00000004) refers to sys_stackheap_outer.o(.text) for __user_setup_stackheap
    __rtentry4.o(.ARM.exidx) refers to __rtentry4.o(.ARM.Collect$$rtentry$$00000004) for .ARM.Collect$$rtentry$$00000004
    rt_div0.o(.text) refers to defsig_fpe_outer.o(.text) for __rt_SIGFPE
    sys_stackheap_outer.o(.text) refers to libspace.o(.text) for __user_perproc_libspace
    sys_stackheap_outer.o(.text) refers to startup_stm32f40_41xxx.o(.text) for __user_initial_stackheap
    exit.o(.text) refers to rtexit.o(.ARM.Collect$$rtexit$$00000000) for __rt_exit
    defsig_fpe_outer.o(.text) refers to defsig_fpe_inner.o(.text) for __rt_SIGFPE_inner
    defsig_fpe_outer.o(.text) refers to defsig_exit.o(.text) for __sig_exit
    defsig_fpe_formal.o(.text) refers to rt_raise.o(.text) for __rt_raise
    libinit.o(.ARM.Collect$$libinit$$00000000) refers (Special) to libinit2.o(.ARM.Collect$$libinit$$0000002E) for __rt_lib_init_alloca_1
    libinit.o(.ARM.Collect$$libinit$$00000000) refers (Special) to libinit2.o(.ARM.Collect$$libinit$$0000002C) for __rt_lib_init_argv_1
    libinit.o(.ARM.Collect$$libinit$$00000000) refers (Special) to libinit2.o(.ARM.Collect$$libinit$$0000001B) for __rt_lib_init_atexit_1
    libinit.o(.ARM.Collect$$libinit$$00000000) refers (Special) to libinit2.o(.ARM.Collect$$libinit$$00000021) for __rt_lib_init_clock_1
    libinit.o(.ARM.Collect$$libinit$$00000000) refers (Special) to libinit2.o(.ARM.Collect$$libinit$$00000032) for __rt_lib_init_cpp_1
    libinit.o(.ARM.Collect$$libinit$$00000000) refers (Special) to libinit2.o(.ARM.Collect$$libinit$$00000030) for __rt_lib_init_exceptions_1
    libinit.o(.ARM.Collect$$libinit$$00000000) refers (Special) to libinit2.o(.ARM.Collect$$libinit$$00000001) for __rt_lib_init_fp_1
    libinit.o(.ARM.Collect$$libinit$$00000000) refers (Special) to libinit2.o(.ARM.Collect$$libinit$$0000001F) for __rt_lib_init_fp_trap_1
    libinit.o(.ARM.Collect$$libinit$$00000000) refers (Special) to libinit2.o(.ARM.Collect$$libinit$$00000023) for __rt_lib_init_getenv_1
    libinit.o(.ARM.Collect$$libinit$$00000000) refers (Special) to libinit2.o(.ARM.Collect$$libinit$$0000000A) for __rt_lib_init_heap_1
    libinit.o(.ARM.Collect$$libinit$$00000000) refers (Special) to libinit2.o(.ARM.Collect$$libinit$$00000011) for __rt_lib_init_lc_collate_1
    libinit.o(.ARM.Collect$$libinit$$00000000) refers (Special) to libinit2.o(.ARM.Collect$$libinit$$00000013) for __rt_lib_init_lc_ctype_1
    libinit.o(.ARM.Collect$$libinit$$00000000) refers (Special) to libinit2.o(.ARM.Collect$$libinit$$00000015) for __rt_lib_init_lc_monetary_1
    libinit.o(.ARM.Collect$$libinit$$00000000) refers (Special) to libinit2.o(.ARM.Collect$$libinit$$00000017) for __rt_lib_init_lc_numeric_1
    libinit.o(.ARM.Collect$$libinit$$00000000) refers (Special) to libinit2.o(.ARM.Collect$$libinit$$00000019) for __rt_lib_init_lc_time_1
    libinit.o(.ARM.Collect$$libinit$$00000000) refers (Special) to libinit2.o(.ARM.Collect$$libinit$$00000004) for __rt_lib_init_preinit_1
    libinit.o(.ARM.Collect$$libinit$$00000000) refers (Special) to libinit2.o(.ARM.Collect$$libinit$$0000000E) for __rt_lib_init_rand_1
    libinit.o(.ARM.Collect$$libinit$$00000000) refers (Special) to libinit2.o(.ARM.Collect$$libinit$$00000033) for __rt_lib_init_return
    libinit.o(.ARM.Collect$$libinit$$00000000) refers (Special) to libinit2.o(.ARM.Collect$$libinit$$0000001D) for __rt_lib_init_signal_1
    libinit.o(.ARM.Collect$$libinit$$00000000) refers (Special) to libinit2.o(.ARM.Collect$$libinit$$00000025) for __rt_lib_init_stdio_1
    libinit.o(.ARM.Collect$$libinit$$00000000) refers (Special) to libinit2.o(.ARM.Collect$$libinit$$0000000C) for __rt_lib_init_user_alloc_1
    libspace.o(.text) refers to libspace.o(.bss) for __libspace_start
    rtexit.o(.ARM.Collect$$rtexit$$00000000) refers (Special) to rtexit2.o(.ARM.Collect$$rtexit$$00000004) for __rt_exit_exit
    rtexit.o(.ARM.Collect$$rtexit$$00000000) refers (Special) to rtexit2.o(.ARM.Collect$$rtexit$$00000003) for __rt_exit_ls
    rtexit.o(.ARM.Collect$$rtexit$$00000000) refers (Special) to rtexit2.o(.ARM.Collect$$rtexit$$00000002) for __rt_exit_prels_1
    rtexit.o(.ARM.exidx) refers (Special) to rtexit2.o(.ARM.Collect$$rtexit$$00000004) for __rt_exit_exit
    rtexit.o(.ARM.exidx) refers (Special) to rtexit2.o(.ARM.Collect$$rtexit$$00000003) for __rt_exit_ls
    rtexit.o(.ARM.exidx) refers (Special) to rtexit2.o(.ARM.Collect$$rtexit$$00000002) for __rt_exit_prels_1
    rtexit.o(.ARM.exidx) refers to rtexit.o(.ARM.Collect$$rtexit$$00000000) for .ARM.Collect$$rtexit$$00000000
    rt_raise.o(.text) refers to __raise.o(.text) for __raise
    rt_raise.o(.text) refers to sys_exit.o(.text) for _sys_exit
    defsig_exit.o(.text) refers to sys_exit.o(.text) for _sys_exit
    defsig_fpe_inner.o(.text) refers to defsig_general.o(.text) for __default_signal_display
    libinit2.o(.ARM.Collect$$libinit$$00000001) refers to fpinit.o(x$fpl$fpinit) for _fp_init
    libinit2.o(.ARM.Collect$$libinit$$00000010) refers to libinit2.o(.ARM.Collect$$libinit$$0000000F) for .ARM.Collect$$libinit$$0000000F
    libinit2.o(.ARM.Collect$$libinit$$00000012) refers to libinit2.o(.ARM.Collect$$libinit$$0000000F) for .ARM.Collect$$libinit$$0000000F
    libinit2.o(.ARM.Collect$$libinit$$00000014) refers to libinit2.o(.ARM.Collect$$libinit$$0000000F) for .ARM.Collect$$libinit$$0000000F
    libinit2.o(.ARM.Collect$$libinit$$00000016) refers to libinit2.o(.ARM.Collect$$libinit$$0000000F) for .ARM.Collect$$libinit$$0000000F
    libinit2.o(.ARM.Collect$$libinit$$00000018) refers to libinit2.o(.ARM.Collect$$libinit$$0000000F) for .ARM.Collect$$libinit$$0000000F
    libinit2.o(.ARM.Collect$$libinit$$00000026) refers to argv_veneer.o(.emb_text) for __ARM_argv_veneer
    libinit2.o(.ARM.Collect$$libinit$$00000027) refers to argv_veneer.o(.emb_text) for __ARM_argv_veneer
    sys_exit.o(.text) refers (Special) to use_no_semi.o(.text) for __I$use$semihosting
    sys_exit.o(.text) refers (Special) to indicate_semi.o(.text) for __semihosting_library_function
    rtexit2.o(.ARM.Collect$$rtexit$$00000003) refers to libshutdown.o(.ARM.Collect$$libshutdown$$00000000) for __rt_lib_shutdown
    rtexit2.o(.ARM.Collect$$rtexit$$00000004) refers to sys_exit.o(.text) for _sys_exit
    rtexit2.o(.ARM.exidx) refers to rtexit2.o(.ARM.Collect$$rtexit$$00000001) for .ARM.Collect$$rtexit$$00000001
    rtexit2.o(.ARM.exidx) refers to rtexit2.o(.ARM.Collect$$rtexit$$00000003) for .ARM.Collect$$rtexit$$00000003
    rtexit2.o(.ARM.exidx) refers to rtexit2.o(.ARM.Collect$$rtexit$$00000004) for .ARM.Collect$$rtexit$$00000004
    __raise.o(.text) refers to defsig.o(CL$$defsig) for __default_signal_handler
    defsig_general.o(.text) refers to sys_wrch.o(.text) for _ttywrch
    argv_veneer.o(.emb_text) refers to no_argv.o(.text) for __ARM_get_argv
    sys_wrch.o(.text) refers (Special) to use_no_semi.o(.text) for __I$use$semihosting
    sys_wrch.o(.text) refers (Special) to indicate_semi.o(.text) for __semihosting_library_function
    defsig.o(CL$$defsig) refers to defsig_fpe_inner.o(.text) for __rt_SIGFPE_inner
    defsig.o(CL$$defsig) refers to defsig_rtmem_inner.o(.text) for __rt_SIGRTMEM_inner
    _get_argv_nomalloc.o(.text) refers (Special) to hrguard.o(.text) for __heap_region$guard
    _get_argv_nomalloc.o(.text) refers to defsig_rtmem_outer.o(.text) for __rt_SIGRTMEM
    _get_argv_nomalloc.o(.text) refers to sys_command.o(.text) for _sys_command_string
    libshutdown.o(.ARM.Collect$$libshutdown$$00000000) refers (Special) to libshutdown2.o(.ARM.Collect$$libshutdown$$00000002) for __rt_lib_shutdown_cpp_1
    libshutdown.o(.ARM.Collect$$libshutdown$$00000000) refers (Special) to libshutdown2.o(.ARM.Collect$$libshutdown$$00000007) for __rt_lib_shutdown_fp_trap_1
    libshutdown.o(.ARM.Collect$$libshutdown$$00000000) refers (Special) to libshutdown2.o(.ARM.Collect$$libshutdown$$0000000F) for __rt_lib_shutdown_heap_1
    libshutdown.o(.ARM.Collect$$libshutdown$$00000000) refers (Special) to libshutdown2.o(.ARM.Collect$$libshutdown$$00000010) for __rt_lib_shutdown_return
    libshutdown.o(.ARM.Collect$$libshutdown$$00000000) refers (Special) to libshutdown2.o(.ARM.Collect$$libshutdown$$0000000A) for __rt_lib_shutdown_signal_1
    libshutdown.o(.ARM.Collect$$libshutdown$$00000000) refers (Special) to libshutdown2.o(.ARM.Collect$$libshutdown$$00000004) for __rt_lib_shutdown_stdio_1
    libshutdown.o(.ARM.Collect$$libshutdown$$00000000) refers (Special) to libshutdown2.o(.ARM.Collect$$libshutdown$$0000000C) for __rt_lib_shutdown_user_alloc_1
    sys_command.o(.text) refers (Special) to use_no_semi.o(.text) for __I$use$semihosting
    sys_command.o(.text) refers (Special) to indicate_semi.o(.text) for __semihosting_library_function
    defsig_abrt_inner.o(.text) refers to defsig_general.o(.text) for __default_signal_display
    defsig_rtred_inner.o(.text) refers to defsig_general.o(.text) for __default_signal_display
    defsig_rtmem_inner.o(.text) refers to defsig_general.o(.text) for __default_signal_display
    defsig_rtmem_outer.o(.text) refers to defsig_rtmem_inner.o(.text) for __rt_SIGRTMEM_inner
    defsig_rtmem_outer.o(.text) refers to defsig_exit.o(.text) for __sig_exit
    defsig_rtmem_formal.o(.text) refers to rt_raise.o(.text) for __rt_raise
    defsig_stak_inner.o(.text) refers to defsig_general.o(.text) for __default_signal_display
    defsig_pvfn_inner.o(.text) refers to defsig_general.o(.text) for __default_signal_display
    defsig_cppl_inner.o(.text) refers to defsig_general.o(.text) for __default_signal_display
    defsig_segv_inner.o(.text) refers to defsig_general.o(.text) for __default_signal_display
    defsig_other.o(.text) refers to defsig_general.o(.text) for __default_signal_display


==============================================================================

Removing Unused input sections from the image.

    Removing stm32f4xx_it.o(.rev16_text), (4 bytes).
    Removing stm32f4xx_it.o(.revsh_text), (4 bytes).
    Removing stm32f4xx_it.o(.rrx_text), (6 bytes).
    Removing system_stm32f4xx.o(.rev16_text), (4 bytes).
    Removing system_stm32f4xx.o(.revsh_text), (4 bytes).
    Removing system_stm32f4xx.o(.rrx_text), (6 bytes).
    Removing system_stm32f4xx.o(i.SystemCoreClockUpdate), (192 bytes).
    Removing system_stm32f4xx.o(.data), (20 bytes).
    Removing stm32f4xx_rcc.o(.rev16_text), (4 bytes).
    Removing stm32f4xx_rcc.o(.revsh_text), (4 bytes).
    Removing stm32f4xx_rcc.o(.rrx_text), (6 bytes).
    Removing stm32f4xx_rcc.o(i.RCC_AHB1PeriphClockCmd), (32 bytes).
    Removing stm32f4xx_rcc.o(i.RCC_AHB1PeriphClockLPModeCmd), (32 bytes).
    Removing stm32f4xx_rcc.o(i.RCC_AHB1PeriphResetCmd), (32 bytes).
    Removing stm32f4xx_rcc.o(i.RCC_AHB2PeriphClockCmd), (32 bytes).
    Removing stm32f4xx_rcc.o(i.RCC_AHB2PeriphClockLPModeCmd), (32 bytes).
    Removing stm32f4xx_rcc.o(i.RCC_AHB2PeriphResetCmd), (32 bytes).
    Removing stm32f4xx_rcc.o(i.RCC_AHB3PeriphClockCmd), (32 bytes).
    Removing stm32f4xx_rcc.o(i.RCC_AHB3PeriphClockLPModeCmd), (32 bytes).
    Removing stm32f4xx_rcc.o(i.RCC_AHB3PeriphResetCmd), (32 bytes).
    Removing stm32f4xx_rcc.o(i.RCC_APB1PeriphClockCmd), (32 bytes).
    Removing stm32f4xx_rcc.o(i.RCC_APB1PeriphClockLPModeCmd), (32 bytes).
    Removing stm32f4xx_rcc.o(i.RCC_APB1PeriphResetCmd), (32 bytes).
    Removing stm32f4xx_rcc.o(i.RCC_APB2PeriphClockCmd), (32 bytes).
    Removing stm32f4xx_rcc.o(i.RCC_APB2PeriphClockLPModeCmd), (32 bytes).
    Removing stm32f4xx_rcc.o(i.RCC_APB2PeriphResetCmd), (32 bytes).
    Removing stm32f4xx_rcc.o(i.RCC_AdjustHSICalibrationValue), (24 bytes).
    Removing stm32f4xx_rcc.o(i.RCC_BackupResetCmd), (12 bytes).
    Removing stm32f4xx_rcc.o(i.RCC_ClearFlag), (20 bytes).
    Removing stm32f4xx_rcc.o(i.RCC_ClearITPendingBit), (12 bytes).
    Removing stm32f4xx_rcc.o(i.RCC_ClockSecuritySystemCmd), (12 bytes).
    Removing stm32f4xx_rcc.o(i.RCC_DeInit), (100 bytes).
    Removing stm32f4xx_rcc.o(i.RCC_GetClocksFreq), (232 bytes).
    Removing stm32f4xx_rcc.o(i.RCC_GetFlagStatus), (64 bytes).
    Removing stm32f4xx_rcc.o(i.RCC_GetITStatus), (24 bytes).
    Removing stm32f4xx_rcc.o(i.RCC_GetSYSCLKSource), (16 bytes).
    Removing stm32f4xx_rcc.o(i.RCC_HCLKConfig), (24 bytes).
    Removing stm32f4xx_rcc.o(i.RCC_HSEConfig), (16 bytes).
    Removing stm32f4xx_rcc.o(i.RCC_HSICmd), (12 bytes).
    Removing stm32f4xx_rcc.o(i.RCC_I2SCLKConfig), (12 bytes).
    Removing stm32f4xx_rcc.o(i.RCC_ITConfig), (32 bytes).
    Removing stm32f4xx_rcc.o(i.RCC_LSEConfig), (44 bytes).
    Removing stm32f4xx_rcc.o(i.RCC_LSEModeConfig), (36 bytes).
    Removing stm32f4xx_rcc.o(i.RCC_LSICmd), (12 bytes).
    Removing stm32f4xx_rcc.o(i.RCC_LTDCCLKDivConfig), (24 bytes).
    Removing stm32f4xx_rcc.o(i.RCC_MCO1Config), (28 bytes).
    Removing stm32f4xx_rcc.o(i.RCC_MCO2Config), (28 bytes).
    Removing stm32f4xx_rcc.o(i.RCC_PCLK1Config), (24 bytes).
    Removing stm32f4xx_rcc.o(i.RCC_PCLK2Config), (24 bytes).
    Removing stm32f4xx_rcc.o(i.RCC_PLLCmd), (12 bytes).
    Removing stm32f4xx_rcc.o(i.RCC_PLLConfig), (36 bytes).
    Removing stm32f4xx_rcc.o(i.RCC_PLLI2SCmd), (12 bytes).
    Removing stm32f4xx_rcc.o(i.RCC_PLLI2SConfig), (16 bytes).
    Removing stm32f4xx_rcc.o(i.RCC_PLLSAICmd), (12 bytes).
    Removing stm32f4xx_rcc.o(i.RCC_PLLSAIConfig), (24 bytes).
    Removing stm32f4xx_rcc.o(i.RCC_RTCCLKCmd), (12 bytes).
    Removing stm32f4xx_rcc.o(i.RCC_RTCCLKConfig), (60 bytes).
    Removing stm32f4xx_rcc.o(i.RCC_SAIBlockACLKConfig), (24 bytes).
    Removing stm32f4xx_rcc.o(i.RCC_SAIBlockBCLKConfig), (24 bytes).
    Removing stm32f4xx_rcc.o(i.RCC_SAIPLLI2SClkDivConfig), (28 bytes).
    Removing stm32f4xx_rcc.o(i.RCC_SAIPLLSAIClkDivConfig), (28 bytes).
    Removing stm32f4xx_rcc.o(i.RCC_SYSCLKConfig), (24 bytes).
    Removing stm32f4xx_rcc.o(i.RCC_TIMCLKPresConfig), (12 bytes).
    Removing stm32f4xx_rcc.o(i.RCC_WaitForHSEStartUp), (56 bytes).
    Removing stm32f4xx_rcc.o(.data), (16 bytes).
    Removing stm32f4xx_gpio.o(.rev16_text), (4 bytes).
    Removing stm32f4xx_gpio.o(.revsh_text), (4 bytes).
    Removing stm32f4xx_gpio.o(.rrx_text), (6 bytes).
    Removing stm32f4xx_gpio.o(i.GPIO_DeInit), (312 bytes).
    Removing stm32f4xx_gpio.o(i.GPIO_Init), (144 bytes).
    Removing stm32f4xx_gpio.o(i.GPIO_PinAFConfig), (70 bytes).
    Removing stm32f4xx_gpio.o(i.GPIO_PinLockConfig), (34 bytes).
    Removing stm32f4xx_gpio.o(i.GPIO_ReadInputData), (8 bytes).
    Removing stm32f4xx_gpio.o(i.GPIO_ReadInputDataBit), (18 bytes).
    Removing stm32f4xx_gpio.o(i.GPIO_ReadOutputData), (8 bytes).
    Removing stm32f4xx_gpio.o(i.GPIO_ReadOutputDataBit), (18 bytes).
    Removing stm32f4xx_gpio.o(i.GPIO_ResetBits), (4 bytes).
    Removing stm32f4xx_gpio.o(i.GPIO_SetBits), (4 bytes).
    Removing stm32f4xx_gpio.o(i.GPIO_StructInit), (18 bytes).
    Removing stm32f4xx_gpio.o(i.GPIO_ToggleBits), (8 bytes).
    Removing stm32f4xx_gpio.o(i.GPIO_Write), (4 bytes).
    Removing stm32f4xx_gpio.o(i.GPIO_WriteBit), (10 bytes).
    Removing os_app_hooks.o(i.App_OS_ClrAllHooks), (2 bytes).
    Removing os_app_hooks.o(i.App_OS_IdleTaskHook), (2 bytes).
    Removing os_app_hooks.o(i.App_OS_InitHook), (2 bytes).
    Removing os_app_hooks.o(i.App_OS_SetAllHooks), (2 bytes).
    Removing os_app_hooks.o(i.App_OS_StatTaskHook), (2 bytes).
    Removing os_app_hooks.o(i.App_OS_TaskCreateHook), (2 bytes).
    Removing os_app_hooks.o(i.App_OS_TaskDelHook), (2 bytes).
    Removing os_app_hooks.o(i.App_OS_TaskReturnHook), (2 bytes).
    Removing os_app_hooks.o(i.App_OS_TaskSwHook), (2 bytes).
    Removing os_app_hooks.o(i.App_OS_TimeTickHook), (2 bytes).
    Removing os_cpu_c.o(i.OSIdleTaskHook), (2 bytes).
    Removing os_cpu_c.o(i.OSInitHook), (40 bytes).
    Removing os_cpu_c.o(i.OSStatTaskHook), (2 bytes).
    Removing os_cpu_c.o(i.OSTaskCreateHook), (2 bytes).
    Removing os_cpu_c.o(i.OSTaskDelHook), (2 bytes).
    Removing os_cpu_c.o(i.OSTaskReturnHook), (2 bytes).
    Removing os_cpu_c.o(i.OSTaskStkInit), (708 bytes).
    Removing os_cpu_c.o(i.OS_CPU_SysTickInit), (48 bytes).
    Removing cpu_core.o(i.CPU_CntLeadZeros08), (18 bytes).
    Removing cpu_core.o(i.CPU_CntLeadZeros16), (18 bytes).
    Removing cpu_core.o(i.CPU_CntLeadZeros32), (18 bytes).
    Removing cpu_core.o(i.CPU_CntLeadZeros64), (192 bytes).
    Removing cpu_core.o(i.CPU_CntTrailZeros08), (22 bytes).
    Removing cpu_core.o(i.CPU_CntTrailZeros16), (22 bytes).
    Removing cpu_core.o(i.CPU_CntTrailZeros32), (22 bytes).
    Removing cpu_core.o(i.CPU_CntTrailZeros64), (62 bytes).
    Removing cpu_core.o(i.CPU_Init), (12 bytes).
    Removing cpu_core.o(i.CPU_NameClr), (48 bytes).
    Removing cpu_core.o(i.CPU_NameGet), (76 bytes).
    Removing cpu_core.o(i.CPU_NameInit), (8 bytes).
    Removing cpu_core.o(i.CPU_NameSet), (100 bytes).
    Removing cpu_core.o(i.CPU_SW_Exception), (4 bytes).
    Removing cpu_core.o(i.CPU_TS_Get32), (12 bytes).
    Removing cpu_core.o(i.CPU_TS_Init), (20 bytes).
    Removing cpu_core.o(i.CPU_TS_TmrFreqGet), (36 bytes).
    Removing cpu_core.o(i.CPU_TS_TmrFreqSet), (12 bytes).
    Removing cpu_core.o(i.CPU_TS_Update), (2 bytes).
    Removing cpu_core.o(.bss), (16 bytes).
    Removing cpu_core.o(.constdata), (260 bytes).
    Removing cpu_core.o(.data), (4 bytes).
    Removing cpu_c.o(i.CPU_BitBandClr), (68 bytes).
    Removing cpu_c.o(i.CPU_BitBandSet), (68 bytes).
    Removing cpu_c.o(i.CPU_IntSrcDis), (332 bytes).
    Removing cpu_c.o(i.CPU_IntSrcEn), (332 bytes).
    Removing cpu_c.o(i.CPU_IntSrcPendClr), (164 bytes).
    Removing cpu_c.o(i.CPU_IntSrcPrioGet), (444 bytes).
    Removing cpu_c.o(i.CPU_IntSrcPrioSet), (504 bytes).
    Removing lib_ascii.o(i.ASCII_Cmp), (38 bytes).
    Removing lib_ascii.o(i.ASCII_IsAlpha), (48 bytes).
    Removing lib_ascii.o(i.ASCII_IsAlphaNum), (76 bytes).
    Removing lib_ascii.o(i.ASCII_IsBlank), (20 bytes).
    Removing lib_ascii.o(i.ASCII_IsCtrl), (26 bytes).
    Removing lib_ascii.o(i.ASCII_IsDig), (20 bytes).
    Removing lib_ascii.o(i.ASCII_IsDigHex), (36 bytes).
    Removing lib_ascii.o(i.ASCII_IsDigOct), (20 bytes).
    Removing lib_ascii.o(i.ASCII_IsGraph), (20 bytes).
    Removing lib_ascii.o(i.ASCII_IsLower), (20 bytes).
    Removing lib_ascii.o(i.ASCII_IsPrint), (20 bytes).
    Removing lib_ascii.o(i.ASCII_IsPunct), (134 bytes).
    Removing lib_ascii.o(i.ASCII_IsSpace), (36 bytes).
    Removing lib_ascii.o(i.ASCII_IsUpper), (20 bytes).
    Removing lib_ascii.o(i.ASCII_ToLower), (32 bytes).
    Removing lib_ascii.o(i.ASCII_ToUpper), (32 bytes).
    Removing lib_math.o(i.Math_Init), (10 bytes).
    Removing lib_math.o(i.Math_Rand), (56 bytes).
    Removing lib_math.o(i.Math_RandSeed), (24 bytes).
    Removing lib_math.o(i.Math_RandSetSeed), (44 bytes).
    Removing lib_math.o(.data), (4 bytes).
    Removing lib_mem.o(i.Mem_Clr), (18 bytes).
    Removing lib_mem.o(i.Mem_Cmp), (192 bytes).
    Removing lib_mem.o(i.Mem_HeapAlloc), (172 bytes).
    Removing lib_mem.o(i.Mem_HeapGetSizeRem), (28 bytes).
    Removing lib_mem.o(i.Mem_Init), (72 bytes).
    Removing lib_mem.o(i.Mem_Move), (186 bytes).
    Removing lib_mem.o(i.Mem_PoolBlkFree), (152 bytes).
    Removing lib_mem.o(i.Mem_PoolBlkGet), (126 bytes).
    Removing lib_mem.o(i.Mem_PoolBlkGetNbrAvail), (52 bytes).
    Removing lib_mem.o(i.Mem_PoolBlkGetUsedAtIx), (126 bytes).
    Removing lib_mem.o(i.Mem_PoolBlkIxGet), (162 bytes).
    Removing lib_mem.o(i.Mem_PoolClr), (64 bytes).
    Removing lib_mem.o(i.Mem_PoolCreate), (852 bytes).
    Removing lib_mem.o(i.Mem_SegAlloc), (60 bytes).
    Removing lib_mem.o(i.Mem_SegCalcTotSize), (60 bytes).
    Removing lib_mem.o(i.Mem_SegGetSizeRem), (112 bytes).
    Removing lib_mem.o(i.Mem_Set), (84 bytes).
    Removing lib_mem.o(.bss), (1096 bytes).
    Removing lib_mem.o(.data), (4 bytes).
    Removing lib_str.o(i.Str_Cat), (24 bytes).
    Removing lib_str.o(i.Str_Cat_N), (90 bytes).
    Removing lib_str.o(i.Str_Char), (24 bytes).
    Removing lib_str.o(i.Str_Char_Last), (24 bytes).
    Removing lib_str.o(i.Str_Char_Last_N), (76 bytes).
    Removing lib_str.o(i.Str_Char_N), (74 bytes).
    Removing lib_str.o(i.Str_Char_Replace), (28 bytes).
    Removing lib_str.o(i.Str_Char_Replace_N), (52 bytes).
    Removing lib_str.o(i.Str_Cmp), (24 bytes).
    Removing lib_str.o(i.Str_CmpIgnoreCase), (24 bytes).
    Removing lib_str.o(i.Str_CmpIgnoreCase_N), (264 bytes).
    Removing lib_str.o(i.Str_Cmp_N), (156 bytes).
    Removing lib_str.o(i.Str_Copy), (24 bytes).
    Removing lib_str.o(i.Str_Copy_N), (70 bytes).
    Removing lib_str.o(i.Str_FmtNbr_Int32), (476 bytes).
    Removing lib_str.o(i.Str_FmtNbr_Int32S), (62 bytes).
    Removing lib_str.o(i.Str_FmtNbr_Int32U), (46 bytes).
    Removing lib_str.o(i.Str_Len), (20 bytes).
    Removing lib_str.o(i.Str_Len_N), (28 bytes).
    Removing lib_str.o(i.Str_ParseNbr_Int32), (452 bytes).
    Removing lib_str.o(i.Str_ParseNbr_Int32S), (74 bytes).
    Removing lib_str.o(i.Str_ParseNbr_Int32U), (30 bytes).
    Removing lib_str.o(i.Str_Str), (24 bytes).
    Removing lib_str.o(i.Str_Str_N), (182 bytes).
    Removing lib_str.o(.constdata), (148 bytes).
    Removing lib_mem_a.o(.text), (544 bytes).
    Removing os_cfg_app.o(i.OSCfg_Init), (2 bytes).
    Removing os_cfg_app.o(.bss), (4160 bytes).
    Removing os_cfg_app.o(.constdata), (148 bytes).
    Removing os_core.o(i.OSInit), (300 bytes).
    Removing os_core.o(i.OSIntEnter), (44 bytes).
    Removing os_core.o(i.OSSchedLock), (116 bytes).
    Removing os_core.o(i.OSSchedUnlock), (148 bytes).
    Removing os_core.o(i.OSStart), (104 bytes).
    Removing os_core.o(i.OSVersion), (12 bytes).
    Removing os_core.o(i.OS_IdleTask), (68 bytes).
    Removing os_core.o(i.OS_IdleTaskInit), (112 bytes).
    Removing os_core.o(i.OS_Pend), (104 bytes).
    Removing os_core.o(i.OS_PendAbort), (180 bytes).
    Removing os_core.o(i.OS_PendAbort1), (36 bytes).
    Removing os_core.o(i.OS_PendDataInit), (38 bytes).
    Removing os_core.o(i.OS_PendDbgNameAdd), (92 bytes).
    Removing os_core.o(i.OS_PendListChangePrio), (70 bytes).
    Removing os_core.o(i.OS_PendListInit), (10 bytes).
    Removing os_core.o(i.OS_PendListInsertHead), (32 bytes).
    Removing os_core.o(i.OS_PendListInsertPrio), (102 bytes).
    Removing os_core.o(i.OS_PendObjDel), (176 bytes).
    Removing os_core.o(i.OS_PendObjDel1), (36 bytes).
    Removing os_core.o(i.OS_RdyListInit), (36 bytes).
    Removing os_core.o(i.OS_RdyListMoveHeadToTail), (68 bytes).
    Removing os_core.o(i.OS_RdyListRemove), (92 bytes).
    Removing os_core.o(i.OS_SchedLockTimeMeasStart), (28 bytes).
    Removing os_core.o(i.OS_SchedLockTimeMeasStop), (60 bytes).
    Removing os_core.o(i.OS_TaskBlock), (44 bytes).
    Removing os_dbg.o(i.OS_Dbg_Init), (424 bytes).
    Removing os_dbg.o(.constdata), (360 bytes).
    Removing os_flag.o(i.OSFlagCreate), (128 bytes).
    Removing os_flag.o(i.OSFlagDel), (320 bytes).
    Removing os_flag.o(i.OSFlagPend), (1216 bytes).
    Removing os_flag.o(i.OSFlagPendAbort), (244 bytes).
    Removing os_flag.o(i.OSFlagPendGetFlagsRdy), (76 bytes).
    Removing os_flag.o(i.OSFlagPost), (116 bytes).
    Removing os_flag.o(i.OS_FlagBlock), (60 bytes).
    Removing os_flag.o(i.OS_FlagClr), (40 bytes).
    Removing os_flag.o(i.OS_FlagDbgListAdd), (48 bytes).
    Removing os_flag.o(i.OS_FlagDbgListRemove), (48 bytes).
    Removing os_flag.o(i.OS_FlagInit), (24 bytes).
    Removing os_flag.o(i.OS_FlagPost), (406 bytes).
    Removing os_flag.o(i.OS_FlagTaskRdy), (100 bytes).
    Removing os_mem.o(i.OSMemCreate), (244 bytes).
    Removing os_mem.o(i.OSMemGet), (100 bytes).
    Removing os_mem.o(i.OSMemPut), (112 bytes).
    Removing os_mem.o(i.OS_MemDbgListAdd), (40 bytes).
    Removing os_mem.o(i.OS_MemInit), (24 bytes).
    Removing os_msg.o(i.OS_MsgPoolInit), (124 bytes).
    Removing os_msg.o(i.OS_MsgQFreeAll), (68 bytes).
    Removing os_msg.o(i.OS_MsgQGet), (104 bytes).
    Removing os_msg.o(i.OS_MsgQInit), (14 bytes).
    Removing os_msg.o(i.OS_MsgQPut), (260 bytes).
    Removing os_mutex.o(i.OSMutexCreate), (136 bytes).
    Removing os_mutex.o(i.OSMutexDel), (456 bytes).
    Removing os_mutex.o(i.OSMutexPend), (592 bytes).
    Removing os_mutex.o(i.OSMutexPendAbort), (244 bytes).
    Removing os_mutex.o(i.OSMutexPost), (372 bytes).
    Removing os_mutex.o(i.OS_MutexClr), (52 bytes).
    Removing os_mutex.o(i.OS_MutexDbgListAdd), (48 bytes).
    Removing os_mutex.o(i.OS_MutexDbgListRemove), (48 bytes).
    Removing os_mutex.o(i.OS_MutexInit), (24 bytes).
    Removing os_prio.o(i.OS_PrioInit), (24 bytes).
    Removing os_prio.o(i.OS_PrioRemove), (36 bytes).
    Removing os_q.o(i.OSQCreate), (144 bytes).
    Removing os_q.o(i.OSQDel), (320 bytes).
    Removing os_q.o(i.OSQFlush), (116 bytes).
    Removing os_q.o(i.OSQPend), (464 bytes).
    Removing os_q.o(i.OSQPendAbort), (244 bytes).
    Removing os_q.o(i.OSQPost), (148 bytes).
    Removing os_q.o(i.OS_QClr), (48 bytes).
    Removing os_q.o(i.OS_QDbgListAdd), (48 bytes).
    Removing os_q.o(i.OS_QDbgListRemove), (48 bytes).
    Removing os_q.o(i.OS_QInit), (24 bytes).
    Removing os_q.o(i.OS_QPost), (190 bytes).
    Removing os_sem.o(i.OSSemCreate), (128 bytes).
    Removing os_sem.o(i.OSSemDel), (320 bytes).
    Removing os_sem.o(i.OSSemPend), (424 bytes).
    Removing os_sem.o(i.OSSemPendAbort), (244 bytes).
    Removing os_sem.o(i.OSSemPost), (112 bytes).
    Removing os_sem.o(i.OSSemSet), (128 bytes).
    Removing os_sem.o(i.OS_SemClr), (40 bytes).
    Removing os_sem.o(i.OS_SemDbgListAdd), (48 bytes).
    Removing os_sem.o(i.OS_SemDbgListRemove), (48 bytes).
    Removing os_sem.o(i.OS_SemInit), (24 bytes).
    Removing os_sem.o(i.OS_SemPost), (294 bytes).
    Removing os_stat.o(i.OSStatReset), (296 bytes).
    Removing os_stat.o(i.OSStatTaskCPUUsageInit), (240 bytes).
    Removing os_stat.o(i.OS_StatTask), (744 bytes).
    Removing os_stat.o(i.OS_StatTaskInit), (204 bytes).
    Removing os_task.o(i.OSTaskChangePrio), (284 bytes).
    Removing os_task.o(i.OSTaskCreate), (412 bytes).
    Removing os_task.o(i.OSTaskDel), (296 bytes).
    Removing os_task.o(i.OSTaskQFlush), (120 bytes).
    Removing os_task.o(i.OSTaskQPend), (472 bytes).
    Removing os_task.o(i.OSTaskQPendAbort), (196 bytes).
    Removing os_task.o(i.OSTaskQPost), (82 bytes).
    Removing os_task.o(i.OSTaskRegGet), (84 bytes).
    Removing os_task.o(i.OSTaskRegGetID), (88 bytes).
    Removing os_task.o(i.OSTaskRegSet), (84 bytes).
    Removing os_task.o(i.OSTaskResume), (104 bytes).
    Removing os_task.o(i.OSTaskSemPend), (476 bytes).
    Removing os_task.o(i.OSTaskSemPendAbort), (224 bytes).
    Removing os_task.o(i.OSTaskSemSet), (88 bytes).
    Removing os_task.o(i.OSTaskStkChk), (212 bytes).
    Removing os_task.o(i.OSTaskSuspend), (56 bytes).
    Removing os_task.o(i.OS_TaskDbgListAdd), (48 bytes).
    Removing os_task.o(i.OS_TaskDbgListRemove), (68 bytes).
    Removing os_task.o(i.OS_TaskInit), (32 bytes).
    Removing os_task.o(i.OS_TaskInitTCB), (180 bytes).
    Removing os_task.o(i.OS_TaskQPost), (224 bytes).
    Removing os_task.o(i.OS_TaskResume), (256 bytes).
    Removing os_task.o(i.OS_TaskReturn), (24 bytes).
    Removing os_task.o(i.OS_TaskSuspend), (280 bytes).
    Removing os_tick.o(i.OS_TickListInsert), (134 bytes).
    Removing os_tick.o(i.OS_TickListInsertDly), (188 bytes).
    Removing os_tick.o(i.OS_TickListResetPeak), (2 bytes).
    Removing os_tick.o(i.OS_TickListUpdateDly), (152 bytes).
    Removing os_tick.o(i.OS_TickListUpdateTimeout), (212 bytes).
    Removing os_tick.o(i.OS_TickTask), (112 bytes).
    Removing os_tick.o(i.OS_TickTaskInit), (200 bytes).
    Removing os_time.o(i.OSTimeDly), (184 bytes).
    Removing os_time.o(i.OSTimeDlyHMSM), (400 bytes).
    Removing os_time.o(i.OSTimeDlyResume), (344 bytes).
    Removing os_time.o(i.OSTimeGet), (52 bytes).
    Removing os_time.o(i.OSTimeSet), (52 bytes).
    Removing os_tmr.o(i.OSTmrCreate), (180 bytes).
    Removing os_tmr.o(i.OSTmrDel), (196 bytes).
    Removing os_tmr.o(i.OSTmrRemainGet), (164 bytes).
    Removing os_tmr.o(i.OSTmrStart), (256 bytes).
    Removing os_tmr.o(i.OSTmrStateGet), (108 bytes).
    Removing os_tmr.o(i.OSTmrStop), (232 bytes).
    Removing os_tmr.o(i.OS_TmrClr), (48 bytes).
    Removing os_tmr.o(i.OS_TmrDbgListAdd), (40 bytes).
    Removing os_tmr.o(i.OS_TmrDbgListRemove), (48 bytes).
    Removing os_tmr.o(i.OS_TmrInit), (308 bytes).
    Removing os_tmr.o(i.OS_TmrLock), (24 bytes).
    Removing os_tmr.o(i.OS_TmrResetPeak), (2 bytes).
    Removing os_tmr.o(i.OS_TmrTask), (148 bytes).
    Removing os_tmr.o(i.OS_TmrUnlink), (68 bytes).
    Removing os_tmr.o(i.OS_TmrUnlock), (20 bytes).
    Removing bsp.o(.rev16_text), (4 bytes).
    Removing bsp.o(.revsh_text), (4 bytes).
    Removing bsp.o(.rrx_text), (6 bytes).
    Removing bsp.o(i.BSP_CPU_ClkFreq), (14 bytes).
    Removing bsp.o(i.CPU_TS32_to_uSec), (60 bytes).
    Removing bsp.o(i.CPU_TS_TmrInit), (52 bytes).

342 unused section(s) (total 40394 bytes) removed from the image.

==============================================================================

Image Symbol Table

    Local Symbols

    Symbol Name                              Value     Ov Type        Size  Object(Section)

    ../clib/angel/boardlib.s                 0x00000000   Number         0  boardinit1.o ABSOLUTE
    ../clib/angel/boardlib.s                 0x00000000   Number         0  boardinit2.o ABSOLUTE
    ../clib/angel/boardlib.s                 0x00000000   Number         0  boardshut.o ABSOLUTE
    ../clib/angel/boardlib.s                 0x00000000   Number         0  boardinit3.o ABSOLUTE
    ../clib/angel/handlers.s                 0x00000000   Number         0  __scatter_copy.o ABSOLUTE
    ../clib/angel/handlers.s                 0x00000000   Number         0  __scatter_zi.o ABSOLUTE
    ../clib/angel/kernel.s                   0x00000000   Number         0  __rtentry4.o ABSOLUTE
    ../clib/angel/kernel.s                   0x00000000   Number         0  __rtentry.o ABSOLUTE
    ../clib/angel/kernel.s                   0x00000000   Number         0  rtexit2.o ABSOLUTE
    ../clib/angel/kernel.s                   0x00000000   Number         0  rtexit.o ABSOLUTE
    ../clib/angel/kernel.s                   0x00000000   Number         0  __rtentry2.o ABSOLUTE
    ../clib/angel/rt.s                       0x00000000   Number         0  aeabi_ldiv0.o ABSOLUTE
    ../clib/angel/rt.s                       0x00000000   Number         0  rt_div0.o ABSOLUTE
    ../clib/angel/rt.s                       0x00000000   Number         0  rt_raise.o ABSOLUTE
    ../clib/angel/rt.s                       0x00000000   Number         0  aeabi_ldiv0_sigfpe.o ABSOLUTE
    ../clib/angel/scatter.s                  0x00000000   Number         0  __scatter.o ABSOLUTE
    ../clib/angel/startup.s                  0x00000000   Number         0  __main.o ABSOLUTE
    ../clib/angel/sys.s                      0x00000000   Number         0  use_no_semi.o ABSOLUTE
    ../clib/angel/sys.s                      0x00000000   Number         0  indicate_semi.o ABSOLUTE
    ../clib/angel/sys.s                      0x00000000   Number         0  sys_stackheap_outer.o ABSOLUTE
    ../clib/angel/sys.s                      0x00000000   Number         0  libspace.o ABSOLUTE
    ../clib/angel/sysapp.c                   0x00000000   Number         0  sys_command.o ABSOLUTE
    ../clib/angel/sysapp.c                   0x00000000   Number         0  sys_exit.o ABSOLUTE
    ../clib/angel/sysapp.c                   0x00000000   Number         0  sys_wrch.o ABSOLUTE
    ../clib/armsys.c                         0x00000000   Number         0  argv_veneer.o ABSOLUTE
    ../clib/armsys.c                         0x00000000   Number         0  _get_argv_nomalloc.o ABSOLUTE
    ../clib/armsys.c                         0x00000000   Number         0  argv_veneer.o ABSOLUTE
    ../clib/armsys.c                         0x00000000   Number         0  no_argv.o ABSOLUTE
    ../clib/heapalloc.c                      0x00000000   Number         0  hrguard.o ABSOLUTE
    ../clib/heapaux.c                        0x00000000   Number         0  heapauxi.o ABSOLUTE
    ../clib/libinit.s                        0x00000000   Number         0  libshutdown2.o ABSOLUTE
    ../clib/libinit.s                        0x00000000   Number         0  libshutdown.o ABSOLUTE
    ../clib/libinit.s                        0x00000000   Number         0  libinit.o ABSOLUTE
    ../clib/libinit.s                        0x00000000   Number         0  libinit2.o ABSOLUTE
    ../clib/longlong.s                       0x00000000   Number         0  lludivv7m.o ABSOLUTE
    ../clib/signal.c                         0x00000000   Number         0  defsig_fpe_outer.o ABSOLUTE
    ../clib/signal.c                         0x00000000   Number         0  defsig_other.o ABSOLUTE
    ../clib/signal.c                         0x00000000   Number         0  defsig_segv_inner.o ABSOLUTE
    ../clib/signal.c                         0x00000000   Number         0  defsig_cppl_inner.o ABSOLUTE
    ../clib/signal.c                         0x00000000   Number         0  defsig_fpe_formal.o ABSOLUTE
    ../clib/signal.c                         0x00000000   Number         0  defsig_fpe_inner.o ABSOLUTE
    ../clib/signal.c                         0x00000000   Number         0  __raise.o ABSOLUTE
    ../clib/signal.c                         0x00000000   Number         0  defsig_pvfn_inner.o ABSOLUTE
    ../clib/signal.c                         0x00000000   Number         0  defsig_general.o ABSOLUTE
    ../clib/signal.c                         0x00000000   Number         0  defsig_stak_inner.o ABSOLUTE
    ../clib/signal.c                         0x00000000   Number         0  defsig_abrt_inner.o ABSOLUTE
    ../clib/signal.c                         0x00000000   Number         0  defsig_rtred_inner.o ABSOLUTE
    ../clib/signal.c                         0x00000000   Number         0  defsig_rtmem_inner.o ABSOLUTE
    ../clib/signal.c                         0x00000000   Number         0  defsig_rtmem_outer.o ABSOLUTE
    ../clib/signal.c                         0x00000000   Number         0  defsig_rtmem_formal.o ABSOLUTE
    ../clib/signal.c                         0x00000000   Number         0  defsig_exit.o ABSOLUTE
    ../clib/signal.s                         0x00000000   Number         0  defsig.o ABSOLUTE
    ../clib/stdlib.c                         0x00000000   Number         0  exit.o ABSOLUTE
    ../fplib/fpinit.s                        0x00000000   Number         0  fpinit.o ABSOLUTE
    ..\..\Libraries\CMSIS\Device\ST\STM32F4xx\Source\Templates\arm\startup_stm32f40_41xxx.s 0x00000000   Number         0  startup_stm32f40_41xxx.o ABSOLUTE
    ..\..\Libraries\CMSIS\Device\ST\STM32F4xx\Source\Templates\system_stm32f4xx.c 0x00000000   Number         0  system_stm32f4xx.o ABSOLUTE
    ..\..\Libraries\STM32F4xx_StdPeriph_Driver\src\stm32f4xx_gpio.c 0x00000000   Number         0  stm32f4xx_gpio.o ABSOLUTE
    ..\..\Libraries\STM32F4xx_StdPeriph_Driver\src\stm32f4xx_rcc.c 0x00000000   Number         0  stm32f4xx_rcc.o ABSOLUTE
    ..\..\User\main.c                        0x00000000   Number         0  main.o ABSOLUTE
    ..\..\User\stm32f4xx_it.c                0x00000000   Number         0  stm32f4xx_it.o ABSOLUTE
    ..\..\ucosiii\uC-Bsp\bsp.c               0x00000000   Number         0  bsp.o ABSOLUTE
    ..\..\ucosiii\uC-CPU\ARM-Cortex-M4\RealView\cpu_a.asm 0x00000000   Number         0  cpu_a.o ABSOLUTE
    ..\..\ucosiii\uC-CPU\ARM-Cortex-M4\RealView\cpu_c.c 0x00000000   Number         0  cpu_c.o ABSOLUTE
    ..\..\ucosiii\uC-CPU\cpu_core.c          0x00000000   Number         0  cpu_core.o ABSOLUTE
    ..\..\ucosiii\uC-Conf\os_app_hooks.c     0x00000000   Number         0  os_app_hooks.o ABSOLUTE
    ..\..\ucosiii\uC-LIB\Ports\ARM-Cortex-M4\RealView\lib_mem_a.asm 0x00000000   Number         0  lib_mem_a.o ABSOLUTE
    ..\..\ucosiii\uC-LIB\lib_ascii.c         0x00000000   Number         0  lib_ascii.o ABSOLUTE
    ..\..\ucosiii\uC-LIB\lib_math.c          0x00000000   Number         0  lib_math.o ABSOLUTE
    ..\..\ucosiii\uC-LIB\lib_mem.c           0x00000000   Number         0  lib_mem.o ABSOLUTE
    ..\..\ucosiii\uC-LIB\lib_str.c           0x00000000   Number         0  lib_str.o ABSOLUTE
    ..\..\ucosiii\uCOS-III\Ports\ARM-Cortex-M4\Generic\RealView\os_cpu_a.asm 0x00000000   Number         0  os_cpu_a.o ABSOLUTE
    ..\..\ucosiii\uCOS-III\Ports\ARM-Cortex-M4\Generic\RealView\os_cpu_c.c 0x00000000   Number         0  os_cpu_c.o ABSOLUTE
    ..\..\ucosiii\uCOS-III\Source\os_cfg_app.c 0x00000000   Number         0  os_cfg_app.o ABSOLUTE
    ..\..\ucosiii\uCOS-III\Source\os_core.c  0x00000000   Number         0  os_core.o ABSOLUTE
    ..\..\ucosiii\uCOS-III\Source\os_dbg.c   0x00000000   Number         0  os_dbg.o ABSOLUTE
    ..\..\ucosiii\uCOS-III\Source\os_flag.c  0x00000000   Number         0  os_flag.o ABSOLUTE
    ..\..\ucosiii\uCOS-III\Source\os_int.c   0x00000000   Number         0  os_int.o ABSOLUTE
    ..\..\ucosiii\uCOS-III\Source\os_mem.c   0x00000000   Number         0  os_mem.o ABSOLUTE
    ..\..\ucosiii\uCOS-III\Source\os_msg.c   0x00000000   Number         0  os_msg.o ABSOLUTE
    ..\..\ucosiii\uCOS-III\Source\os_mutex.c 0x00000000   Number         0  os_mutex.o ABSOLUTE
    ..\..\ucosiii\uCOS-III\Source\os_pend_multi.c 0x00000000   Number         0  os_pend_multi.o ABSOLUTE
    ..\..\ucosiii\uCOS-III\Source\os_prio.c  0x00000000   Number         0  os_prio.o ABSOLUTE
    ..\..\ucosiii\uCOS-III\Source\os_q.c     0x00000000   Number         0  os_q.o ABSOLUTE
    ..\..\ucosiii\uCOS-III\Source\os_sem.c   0x00000000   Number         0  os_sem.o ABSOLUTE
    ..\..\ucosiii\uCOS-III\Source\os_stat.c  0x00000000   Number         0  os_stat.o ABSOLUTE
    ..\..\ucosiii\uCOS-III\Source\os_task.c  0x00000000   Number         0  os_task.o ABSOLUTE
    ..\..\ucosiii\uCOS-III\Source\os_tick.c  0x00000000   Number         0  os_tick.o ABSOLUTE
    ..\..\ucosiii\uCOS-III\Source\os_time.c  0x00000000   Number         0  os_time.o ABSOLUTE
    ..\..\ucosiii\uCOS-III\Source\os_tmr.c   0x00000000   Number         0  os_tmr.o ABSOLUTE
    ..\..\ucosiii\uCOS-III\Source\os_var.c   0x00000000   Number         0  os_var.o ABSOLUTE
    ..\\..\\Libraries\\CMSIS\\Device\\ST\\STM32F4xx\\Source\\Templates\\system_stm32f4xx.c 0x00000000   Number         0  system_stm32f4xx.o ABSOLUTE
    ..\\..\\Libraries\\STM32F4xx_StdPeriph_Driver\\src\\stm32f4xx_gpio.c 0x00000000   Number         0  stm32f4xx_gpio.o ABSOLUTE
    ..\\..\\Libraries\\STM32F4xx_StdPeriph_Driver\\src\\stm32f4xx_rcc.c 0x00000000   Number         0  stm32f4xx_rcc.o ABSOLUTE
    ..\\..\\User\\stm32f4xx_it.c             0x00000000   Number         0  stm32f4xx_it.o ABSOLUTE
    ..\\..\\ucosiii\\uC-Bsp\\bsp.c           0x00000000   Number         0  bsp.o ABSOLUTE
    dc.s                                     0x00000000   Number         0  dc.o ABSOLUTE
    RESET                                    0x08000000   Section      392  startup_stm32f40_41xxx.o(RESET)
    !!!main                                  0x08000188   Section        8  __main.o(!!!main)
    !!!scatter                               0x08000190   Section       52  __scatter.o(!!!scatter)
    !!handler_copy                           0x080001c4   Section       26  __scatter_copy.o(!!handler_copy)
    !!handler_zi                             0x080001e0   Section       28  __scatter_zi.o(!!handler_zi)
    .ARM.Collect$$libinit$$00000000          0x080001fc   Section        2  libinit.o(.ARM.Collect$$libinit$$00000000)
    .ARM.Collect$$libinit$$00000001          0x080001fe   Section        4  libinit2.o(.ARM.Collect$$libinit$$00000001)
    .ARM.Collect$$libinit$$00000004          0x08000202   Section        0  libinit2.o(.ARM.Collect$$libinit$$00000004)
    .ARM.Collect$$libinit$$0000000A          0x08000202   Section        0  libinit2.o(.ARM.Collect$$libinit$$0000000A)
    .ARM.Collect$$libinit$$0000000C          0x08000202   Section        0  libinit2.o(.ARM.Collect$$libinit$$0000000C)
    .ARM.Collect$$libinit$$0000000E          0x08000202   Section        0  libinit2.o(.ARM.Collect$$libinit$$0000000E)
    .ARM.Collect$$libinit$$00000011          0x08000202   Section        0  libinit2.o(.ARM.Collect$$libinit$$00000011)
    .ARM.Collect$$libinit$$00000013          0x08000202   Section        0  libinit2.o(.ARM.Collect$$libinit$$00000013)
    .ARM.Collect$$libinit$$00000015          0x08000202   Section        0  libinit2.o(.ARM.Collect$$libinit$$00000015)
    .ARM.Collect$$libinit$$00000017          0x08000202   Section        0  libinit2.o(.ARM.Collect$$libinit$$00000017)
    .ARM.Collect$$libinit$$00000019          0x08000202   Section        0  libinit2.o(.ARM.Collect$$libinit$$00000019)
    .ARM.Collect$$libinit$$0000001B          0x08000202   Section        0  libinit2.o(.ARM.Collect$$libinit$$0000001B)
    .ARM.Collect$$libinit$$0000001D          0x08000202   Section        0  libinit2.o(.ARM.Collect$$libinit$$0000001D)
    .ARM.Collect$$libinit$$0000001F          0x08000202   Section        0  libinit2.o(.ARM.Collect$$libinit$$0000001F)
    .ARM.Collect$$libinit$$00000021          0x08000202   Section        0  libinit2.o(.ARM.Collect$$libinit$$00000021)
    .ARM.Collect$$libinit$$00000023          0x08000202   Section        0  libinit2.o(.ARM.Collect$$libinit$$00000023)
    .ARM.Collect$$libinit$$00000025          0x08000202   Section        0  libinit2.o(.ARM.Collect$$libinit$$00000025)
    .ARM.Collect$$libinit$$0000002C          0x08000202   Section        0  libinit2.o(.ARM.Collect$$libinit$$0000002C)
    .ARM.Collect$$libinit$$0000002E          0x08000202   Section        0  libinit2.o(.ARM.Collect$$libinit$$0000002E)
    .ARM.Collect$$libinit$$00000030          0x08000202   Section        0  libinit2.o(.ARM.Collect$$libinit$$00000030)
    .ARM.Collect$$libinit$$00000032          0x08000202   Section        0  libinit2.o(.ARM.Collect$$libinit$$00000032)
    .ARM.Collect$$libinit$$00000033          0x08000202   Section        2  libinit2.o(.ARM.Collect$$libinit$$00000033)
    .ARM.Collect$$libshutdown$$00000000      0x08000204   Section        2  libshutdown.o(.ARM.Collect$$libshutdown$$00000000)
    .ARM.Collect$$libshutdown$$00000002      0x08000206   Section        0  libshutdown2.o(.ARM.Collect$$libshutdown$$00000002)
    .ARM.Collect$$libshutdown$$00000004      0x08000206   Section        0  libshutdown2.o(.ARM.Collect$$libshutdown$$00000004)
    .ARM.Collect$$libshutdown$$00000007      0x08000206   Section        0  libshutdown2.o(.ARM.Collect$$libshutdown$$00000007)
    .ARM.Collect$$libshutdown$$0000000A      0x08000206   Section        0  libshutdown2.o(.ARM.Collect$$libshutdown$$0000000A)
    .ARM.Collect$$libshutdown$$0000000C      0x08000206   Section        0  libshutdown2.o(.ARM.Collect$$libshutdown$$0000000C)
    .ARM.Collect$$libshutdown$$0000000F      0x08000206   Section        0  libshutdown2.o(.ARM.Collect$$libshutdown$$0000000F)
    .ARM.Collect$$libshutdown$$00000010      0x08000206   Section        2  libshutdown2.o(.ARM.Collect$$libshutdown$$00000010)
    .ARM.Collect$$rtentry$$00000000          0x08000208   Section        0  __rtentry.o(.ARM.Collect$$rtentry$$00000000)
    .ARM.Collect$$rtentry$$00000002          0x08000208   Section        0  __rtentry2.o(.ARM.Collect$$rtentry$$00000002)
    .ARM.Collect$$rtentry$$00000004          0x08000208   Section        6  __rtentry4.o(.ARM.Collect$$rtentry$$00000004)
    .ARM.Collect$$rtentry$$00000009          0x0800020e   Section        0  __rtentry2.o(.ARM.Collect$$rtentry$$00000009)
    .ARM.Collect$$rtentry$$0000000A          0x0800020e   Section        4  __rtentry2.o(.ARM.Collect$$rtentry$$0000000A)
    .ARM.Collect$$rtentry$$0000000C          0x08000212   Section        0  __rtentry2.o(.ARM.Collect$$rtentry$$0000000C)
    .ARM.Collect$$rtentry$$0000000D          0x08000212   Section        8  __rtentry2.o(.ARM.Collect$$rtentry$$0000000D)
    .ARM.Collect$$rtexit$$00000000           0x0800021a   Section        2  rtexit.o(.ARM.Collect$$rtexit$$00000000)
    .ARM.Collect$$rtexit$$00000002           0x0800021c   Section        0  rtexit2.o(.ARM.Collect$$rtexit$$00000002)
    .ARM.Collect$$rtexit$$00000003           0x0800021c   Section        4  rtexit2.o(.ARM.Collect$$rtexit$$00000003)
    .ARM.Collect$$rtexit$$00000004           0x08000220   Section        6  rtexit2.o(.ARM.Collect$$rtexit$$00000004)
    .text                                    0x08000228   Section       64  startup_stm32f40_41xxx.o(.text)
    $v0                                      0x08000228   Number         0  startup_stm32f40_41xxx.o(.text)
    .text                                    0x08000268   Section       52  cpu_a.o(.text)
    $v0                                      0x08000268   Number         0  cpu_a.o(.text)
    .text                                    0x0800029c   Section        0  heapauxi.o(.text)
    .text                                    0x080002a2   Section       74  sys_stackheap_outer.o(.text)
    .text                                    0x080002ec   Section        0  exit.o(.text)
    .text                                    0x08000300   Section        8  libspace.o(.text)
    .text                                    0x08000308   Section        0  sys_exit.o(.text)
    .text                                    0x08000314   Section        2  use_no_semi.o(.text)
    .text                                    0x08000316   Section        0  indicate_semi.o(.text)
    CODE                                     0x08000318   Section      196  os_cpu_a.o(CODE)
    $v0                                      0x08000318   Number         0  os_cpu_a.o(CODE)
    i.BusFault_Handler                       0x080003dc   Section        0  stm32f4xx_it.o(i.BusFault_Handler)
    i.CPU_TS_TmrRd                           0x080003e0   Section        0  bsp.o(i.CPU_TS_TmrRd)
    i.DebugMon_Handler                       0x080003ec   Section        0  stm32f4xx_it.o(i.DebugMon_Handler)
    i.HardFault_Handler                      0x080003ee   Section        0  stm32f4xx_it.o(i.HardFault_Handler)
    i.MemManage_Handler                      0x080003f2   Section        0  stm32f4xx_it.o(i.MemManage_Handler)
    i.NMI_Handler                            0x080003f6   Section        0  stm32f4xx_it.o(i.NMI_Handler)
    i.OSIntExit                              0x080003f8   Section        0  os_core.o(i.OSIntExit)
    i.OSSched                                0x080004d4   Section        0  os_core.o(i.OSSched)
    i.OSTaskSemPost                          0x08000574   Section        0  os_task.o(i.OSTaskSemPost)
    i.OSTaskSwHook                           0x080005b4   Section        0  os_cpu_c.o(i.OSTaskSwHook)
    i.OSTimeTick                             0x0800065c   Section        0  os_time.o(i.OSTimeTick)
    i.OSTimeTickHook                         0x080006a0   Section        0  os_cpu_c.o(i.OSTimeTickHook)
    i.OS_PendDbgNameRemove                   0x080006a4   Section        0  os_core.o(i.OS_PendDbgNameRemove)
    i.OS_PendListRemove                      0x080006c8   Section        0  os_core.o(i.OS_PendListRemove)
    i.OS_PendListRemove1                     0x080006f8   Section        0  os_core.o(i.OS_PendListRemove1)
    i.OS_Post                                0x0800073a   Section        0  os_core.o(i.OS_Post)
    i.OS_Post1                               0x08000810   Section        0  os_core.o(i.OS_Post1)
    i.OS_PrioGetHighest                      0x0800083c   Section        0  os_prio.o(i.OS_PrioGetHighest)
    i.OS_PrioInsert                          0x08000864   Section        0  os_prio.o(i.OS_PrioInsert)
    i.OS_RdyListInsert                       0x08000888   Section        0  os_core.o(i.OS_RdyListInsert)
    i.OS_RdyListInsertHead                   0x080008b4   Section        0  os_core.o(i.OS_RdyListInsertHead)
    i.OS_RdyListInsertTail                   0x080008f4   Section        0  os_core.o(i.OS_RdyListInsertTail)
    i.OS_TaskSemPost                         0x08000930   Section        0  os_task.o(i.OS_TaskSemPost)
    i.OS_TickListRemove                      0x08000af4   Section        0  os_tick.o(i.OS_TickListRemove)
    i.SVC_Handler                            0x08000b4c   Section        0  stm32f4xx_it.o(i.SVC_Handler)
    i.SetSysClock                            0x08000b50   Section        0  system_stm32f4xx.o(i.SetSysClock)
    SetSysClock                              0x08000b51   Thumb Code   220  system_stm32f4xx.o(i.SetSysClock)
    i.SysTick_Handler                        0x08000c3c   Section        0  os_cpu_c.o(i.SysTick_Handler)
    i.SystemInit                             0x08000c74   Section        0  system_stm32f4xx.o(i.SystemInit)
    i.UsageFault_Handler                     0x08000cdc   Section        0  stm32f4xx_it.o(i.UsageFault_Handler)
    i.main                                   0x08000ce0   Section        0  main.o(i.main)
    x$fpl$fpinit                             0x08000ce4   Section       10  fpinit.o(x$fpl$fpinit)
    $v0                                      0x08000ce4   Number         0  fpinit.o(x$fpl$fpinit)
    .data                                    0x20000000   Section        4  os_cpu_c.o(.data)
    .data                                    0x20000004   Section        8  os_prio.o(.data)
    .data                                    0x2000000c   Section      168  os_var.o(.data)
    .bss                                     0x200000b4   Section     1560  os_var.o(.bss)
    .bss                                     0x200006cc   Section       96  libspace.o(.bss)
    HEAP                                     0x20000730   Section      512  startup_stm32f40_41xxx.o(HEAP)
    Heap_Mem                                 0x20000730   Data         512  startup_stm32f40_41xxx.o(HEAP)
    STACK                                    0x20000930   Section     1024  startup_stm32f40_41xxx.o(STACK)
    Stack_Mem                                0x20000930   Data        1024  startup_stm32f40_41xxx.o(STACK)
    __initial_sp                             0x20000d30   Data           0  startup_stm32f40_41xxx.o(STACK)

    Global Symbols

    Symbol Name                              Value     Ov Type        Size  Object(Section)

    BuildAttributes$$THM_ISAv4$E$P$D$K$B$S$7EM$VFPi3$EXTD16$VFPS$VFMA$PE$A:L22UL41UL21$X:L11$S22US41US21$IEEE1$IW$USESV6$~STKCKD$USESV7$~SHL$OSPACE$ROPI$EBA8$UX$STANDARDLIB$REQ8$PRES8$EABIv2 0x00000000   Number         0  anon$$obj.o ABSOLUTE
    __ARM_use_no_argv                        0x00000000   Number         0  main.o ABSOLUTE
    __ARM_exceptions_init                     - Undefined Weak Reference
    __alloca_initialize                       - Undefined Weak Reference
    __arm_preinit_                            - Undefined Weak Reference
    __cpp_initialize__aeabi_                  - Undefined Weak Reference
    __cxa_finalize                            - Undefined Weak Reference
    __rt_locale                               - Undefined Weak Reference
    __sigvec_lookup                           - Undefined Weak Reference
    _atexit_init                              - Undefined Weak Reference
    _call_atexit_fns                          - Undefined Weak Reference
    _clock_init                               - Undefined Weak Reference
    _fp_trap_init                             - Undefined Weak Reference
    _fp_trap_shutdown                         - Undefined Weak Reference
    _get_lc_collate                           - Undefined Weak Reference
    _get_lc_ctype                             - Undefined Weak Reference
    _get_lc_monetary                          - Undefined Weak Reference
    _get_lc_numeric                           - Undefined Weak Reference
    _get_lc_time                              - Undefined Weak Reference
    _getenv_init                              - Undefined Weak Reference
    _handle_redirection                       - Undefined Weak Reference
    _init_alloc                               - Undefined Weak Reference
    _init_user_alloc                          - Undefined Weak Reference
    _initio                                   - Undefined Weak Reference
    _rand_init                                - Undefined Weak Reference
    _signal_finish                            - Undefined Weak Reference
    _signal_init                              - Undefined Weak Reference
    _terminate_alloc                          - Undefined Weak Reference
    _terminate_user_alloc                     - Undefined Weak Reference
    _terminateio                              - Undefined Weak Reference
    __Vectors_Size                           0x00000188   Number         0  startup_stm32f40_41xxx.o ABSOLUTE
    __Vectors                                0x08000000   Data           4  startup_stm32f40_41xxx.o(RESET)
    __Vectors_End                            0x08000188   Data           0  startup_stm32f40_41xxx.o(RESET)
    __main                                   0x08000189   Thumb Code     8  __main.o(!!!main)
    __scatterload                            0x08000191   Thumb Code     0  __scatter.o(!!!scatter)
    __scatterload_rt2                        0x08000191   Thumb Code    44  __scatter.o(!!!scatter)
    __scatterload_rt2_thumb_only             0x08000191   Thumb Code     0  __scatter.o(!!!scatter)
    __scatterload_null                       0x0800019f   Thumb Code     0  __scatter.o(!!!scatter)
    __scatterload_copy                       0x080001c5   Thumb Code    26  __scatter_copy.o(!!handler_copy)
    __scatterload_zeroinit                   0x080001e1   Thumb Code    28  __scatter_zi.o(!!handler_zi)
    __rt_lib_init                            0x080001fd   Thumb Code     0  libinit.o(.ARM.Collect$$libinit$$00000000)
    __rt_lib_init_fp_1                       0x080001ff   Thumb Code     0  libinit2.o(.ARM.Collect$$libinit$$00000001)
    __rt_lib_init_alloca_1                   0x08000203   Thumb Code     0  libinit2.o(.ARM.Collect$$libinit$$0000002E)
    __rt_lib_init_argv_1                     0x08000203   Thumb Code     0  libinit2.o(.ARM.Collect$$libinit$$0000002C)
    __rt_lib_init_atexit_1                   0x08000203   Thumb Code     0  libinit2.o(.ARM.Collect$$libinit$$0000001B)
    __rt_lib_init_clock_1                    0x08000203   Thumb Code     0  libinit2.o(.ARM.Collect$$libinit$$00000021)
    __rt_lib_init_cpp_1                      0x08000203   Thumb Code     0  libinit2.o(.ARM.Collect$$libinit$$00000032)
    __rt_lib_init_exceptions_1               0x08000203   Thumb Code     0  libinit2.o(.ARM.Collect$$libinit$$00000030)
    __rt_lib_init_fp_trap_1                  0x08000203   Thumb Code     0  libinit2.o(.ARM.Collect$$libinit$$0000001F)
    __rt_lib_init_getenv_1                   0x08000203   Thumb Code     0  libinit2.o(.ARM.Collect$$libinit$$00000023)
    __rt_lib_init_heap_1                     0x08000203   Thumb Code     0  libinit2.o(.ARM.Collect$$libinit$$0000000A)
    __rt_lib_init_lc_collate_1               0x08000203   Thumb Code     0  libinit2.o(.ARM.Collect$$libinit$$00000011)
    __rt_lib_init_lc_ctype_1                 0x08000203   Thumb Code     0  libinit2.o(.ARM.Collect$$libinit$$00000013)
    __rt_lib_init_lc_monetary_1              0x08000203   Thumb Code     0  libinit2.o(.ARM.Collect$$libinit$$00000015)
    __rt_lib_init_lc_numeric_1               0x08000203   Thumb Code     0  libinit2.o(.ARM.Collect$$libinit$$00000017)
    __rt_lib_init_lc_time_1                  0x08000203   Thumb Code     0  libinit2.o(.ARM.Collect$$libinit$$00000019)
    __rt_lib_init_preinit_1                  0x08000203   Thumb Code     0  libinit2.o(.ARM.Collect$$libinit$$00000004)
    __rt_lib_init_rand_1                     0x08000203   Thumb Code     0  libinit2.o(.ARM.Collect$$libinit$$0000000E)
    __rt_lib_init_return                     0x08000203   Thumb Code     0  libinit2.o(.ARM.Collect$$libinit$$00000033)
    __rt_lib_init_signal_1                   0x08000203   Thumb Code     0  libinit2.o(.ARM.Collect$$libinit$$0000001D)
    __rt_lib_init_stdio_1                    0x08000203   Thumb Code     0  libinit2.o(.ARM.Collect$$libinit$$00000025)
    __rt_lib_init_user_alloc_1               0x08000203   Thumb Code     0  libinit2.o(.ARM.Collect$$libinit$$0000000C)
    __rt_lib_shutdown                        0x08000205   Thumb Code     0  libshutdown.o(.ARM.Collect$$libshutdown$$00000000)
    __rt_lib_shutdown_cpp_1                  0x08000207   Thumb Code     0  libshutdown2.o(.ARM.Collect$$libshutdown$$00000002)
    __rt_lib_shutdown_fp_trap_1              0x08000207   Thumb Code     0  libshutdown2.o(.ARM.Collect$$libshutdown$$00000007)
    __rt_lib_shutdown_heap_1                 0x08000207   Thumb Code     0  libshutdown2.o(.ARM.Collect$$libshutdown$$0000000F)
    __rt_lib_shutdown_return                 0x08000207   Thumb Code     0  libshutdown2.o(.ARM.Collect$$libshutdown$$00000010)
    __rt_lib_shutdown_signal_1               0x08000207   Thumb Code     0  libshutdown2.o(.ARM.Collect$$libshutdown$$0000000A)
    __rt_lib_shutdown_stdio_1                0x08000207   Thumb Code     0  libshutdown2.o(.ARM.Collect$$libshutdown$$00000004)
    __rt_lib_shutdown_user_alloc_1           0x08000207   Thumb Code     0  libshutdown2.o(.ARM.Collect$$libshutdown$$0000000C)
    __rt_entry                               0x08000209   Thumb Code     0  __rtentry.o(.ARM.Collect$$rtentry$$00000000)
    __rt_entry_presh_1                       0x08000209   Thumb Code     0  __rtentry2.o(.ARM.Collect$$rtentry$$00000002)
    __rt_entry_sh                            0x08000209   Thumb Code     0  __rtentry4.o(.ARM.Collect$$rtentry$$00000004)
    __rt_entry_li                            0x0800020f   Thumb Code     0  __rtentry2.o(.ARM.Collect$$rtentry$$0000000A)
    __rt_entry_postsh_1                      0x0800020f   Thumb Code     0  __rtentry2.o(.ARM.Collect$$rtentry$$00000009)
    __rt_entry_main                          0x08000213   Thumb Code     0  __rtentry2.o(.ARM.Collect$$rtentry$$0000000D)
    __rt_entry_postli_1                      0x08000213   Thumb Code     0  __rtentry2.o(.ARM.Collect$$rtentry$$0000000C)
    __rt_exit                                0x0800021b   Thumb Code     0  rtexit.o(.ARM.Collect$$rtexit$$00000000)
    __rt_exit_ls                             0x0800021d   Thumb Code     0  rtexit2.o(.ARM.Collect$$rtexit$$00000003)
    __rt_exit_prels_1                        0x0800021d   Thumb Code     0  rtexit2.o(.ARM.Collect$$rtexit$$00000002)
    __rt_exit_exit                           0x08000221   Thumb Code     0  rtexit2.o(.ARM.Collect$$rtexit$$00000004)
    Reset_Handler                            0x08000229   Thumb Code     8  startup_stm32f40_41xxx.o(.text)
    PendSV_Handler                           0x0800023f   Thumb Code     2  startup_stm32f40_41xxx.o(.text)
    ADC_IRQHandler                           0x08000243   Thumb Code     0  startup_stm32f40_41xxx.o(.text)
    CAN1_RX0_IRQHandler                      0x08000243   Thumb Code     0  startup_stm32f40_41xxx.o(.text)
    CAN1_RX1_IRQHandler                      0x08000243   Thumb Code     0  startup_stm32f40_41xxx.o(.text)
    CAN1_SCE_IRQHandler                      0x08000243   Thumb Code     0  startup_stm32f40_41xxx.o(.text)
    CAN1_TX_IRQHandler                       0x08000243   Thumb Code     0  startup_stm32f40_41xxx.o(.text)
    CAN2_RX0_IRQHandler                      0x08000243   Thumb Code     0  startup_stm32f40_41xxx.o(.text)
    CAN2_RX1_IRQHandler                      0x08000243   Thumb Code     0  startup_stm32f40_41xxx.o(.text)
    CAN2_SCE_IRQHandler                      0x08000243   Thumb Code     0  startup_stm32f40_41xxx.o(.text)
    CAN2_TX_IRQHandler                       0x08000243   Thumb Code     0  startup_stm32f40_41xxx.o(.text)
    CRYP_IRQHandler                          0x08000243   Thumb Code     0  startup_stm32f40_41xxx.o(.text)
    DCMI_IRQHandler                          0x08000243   Thumb Code     0  startup_stm32f40_41xxx.o(.text)
    DMA1_Stream0_IRQHandler                  0x08000243   Thumb Code     0  startup_stm32f40_41xxx.o(.text)
    DMA1_Stream1_IRQHandler                  0x08000243   Thumb Code     0  startup_stm32f40_41xxx.o(.text)
    DMA1_Stream2_IRQHandler                  0x08000243   Thumb Code     0  startup_stm32f40_41xxx.o(.text)
    DMA1_Stream3_IRQHandler                  0x08000243   Thumb Code     0  startup_stm32f40_41xxx.o(.text)
    DMA1_Stream4_IRQHandler                  0x08000243   Thumb Code     0  startup_stm32f40_41xxx.o(.text)
    DMA1_Stream5_IRQHandler                  0x08000243   Thumb Code     0  startup_stm32f40_41xxx.o(.text)
    DMA1_Stream6_IRQHandler                  0x08000243   Thumb Code     0  startup_stm32f40_41xxx.o(.text)
    DMA1_Stream7_IRQHandler                  0x08000243   Thumb Code     0  startup_stm32f40_41xxx.o(.text)
    DMA2_Stream0_IRQHandler                  0x08000243   Thumb Code     0  startup_stm32f40_41xxx.o(.text)
    DMA2_Stream1_IRQHandler                  0x08000243   Thumb Code     0  startup_stm32f40_41xxx.o(.text)
    DMA2_Stream2_IRQHandler                  0x08000243   Thumb Code     0  startup_stm32f40_41xxx.o(.text)
    DMA2_Stream3_IRQHandler                  0x08000243   Thumb Code     0  startup_stm32f40_41xxx.o(.text)
    DMA2_Stream4_IRQHandler                  0x08000243   Thumb Code     0  startup_stm32f40_41xxx.o(.text)
    DMA2_Stream5_IRQHandler                  0x08000243   Thumb Code     0  startup_stm32f40_41xxx.o(.text)
    DMA2_Stream6_IRQHandler                  0x08000243   Thumb Code     0  startup_stm32f40_41xxx.o(.text)
    DMA2_Stream7_IRQHandler                  0x08000243   Thumb Code     0  startup_stm32f40_41xxx.o(.text)
    ETH_IRQHandler                           0x08000243   Thumb Code     0  startup_stm32f40_41xxx.o(.text)
    ETH_WKUP_IRQHandler                      0x08000243   Thumb Code     0  startup_stm32f40_41xxx.o(.text)
    EXTI0_IRQHandler                         0x08000243   Thumb Code     0  startup_stm32f40_41xxx.o(.text)
    EXTI15_10_IRQHandler                     0x08000243   Thumb Code     0  startup_stm32f40_41xxx.o(.text)
    EXTI1_IRQHandler                         0x08000243   Thumb Code     0  startup_stm32f40_41xxx.o(.text)
    EXTI2_IRQHandler                         0x08000243   Thumb Code     0  startup_stm32f40_41xxx.o(.text)
    EXTI3_IRQHandler                         0x08000243   Thumb Code     0  startup_stm32f40_41xxx.o(.text)
    EXTI4_IRQHandler                         0x08000243   Thumb Code     0  startup_stm32f40_41xxx.o(.text)
    EXTI9_5_IRQHandler                       0x08000243   Thumb Code     0  startup_stm32f40_41xxx.o(.text)
    FLASH_IRQHandler                         0x08000243   Thumb Code     0  startup_stm32f40_41xxx.o(.text)
    FPU_IRQHandler                           0x08000243   Thumb Code     0  startup_stm32f40_41xxx.o(.text)
    FSMC_IRQHandler                          0x08000243   Thumb Code     0  startup_stm32f40_41xxx.o(.text)
    HASH_RNG_IRQHandler                      0x08000243   Thumb Code     0  startup_stm32f40_41xxx.o(.text)
    I2C1_ER_IRQHandler                       0x08000243   Thumb Code     0  startup_stm32f40_41xxx.o(.text)
    I2C1_EV_IRQHandler                       0x08000243   Thumb Code     0  startup_stm32f40_41xxx.o(.text)
    I2C2_ER_IRQHandler                       0x08000243   Thumb Code     0  startup_stm32f40_41xxx.o(.text)
    I2C2_EV_IRQHandler                       0x08000243   Thumb Code     0  startup_stm32f40_41xxx.o(.text)
    I2C3_ER_IRQHandler                       0x08000243   Thumb Code     0  startup_stm32f40_41xxx.o(.text)
    I2C3_EV_IRQHandler                       0x08000243   Thumb Code     0  startup_stm32f40_41xxx.o(.text)
    OTG_FS_IRQHandler                        0x08000243   Thumb Code     0  startup_stm32f40_41xxx.o(.text)
    OTG_FS_WKUP_IRQHandler                   0x08000243   Thumb Code     0  startup_stm32f40_41xxx.o(.text)
    OTG_HS_EP1_IN_IRQHandler                 0x08000243   Thumb Code     0  startup_stm32f40_41xxx.o(.text)
    OTG_HS_EP1_OUT_IRQHandler                0x08000243   Thumb Code     0  startup_stm32f40_41xxx.o(.text)
    OTG_HS_IRQHandler                        0x08000243   Thumb Code     0  startup_stm32f40_41xxx.o(.text)
    OTG_HS_WKUP_IRQHandler                   0x08000243   Thumb Code     0  startup_stm32f40_41xxx.o(.text)
    PVD_IRQHandler                           0x08000243   Thumb Code     0  startup_stm32f40_41xxx.o(.text)
    RCC_IRQHandler                           0x08000243   Thumb Code     0  startup_stm32f40_41xxx.o(.text)
    RTC_Alarm_IRQHandler                     0x08000243   Thumb Code     0  startup_stm32f40_41xxx.o(.text)
    RTC_WKUP_IRQHandler                      0x08000243   Thumb Code     0  startup_stm32f40_41xxx.o(.text)
    SDIO_IRQHandler                          0x08000243   Thumb Code     0  startup_stm32f40_41xxx.o(.text)
    SPI1_IRQHandler                          0x08000243   Thumb Code     0  startup_stm32f40_41xxx.o(.text)
    SPI2_IRQHandler                          0x08000243   Thumb Code     0  startup_stm32f40_41xxx.o(.text)
    SPI3_IRQHandler                          0x08000243   Thumb Code     0  startup_stm32f40_41xxx.o(.text)
    TAMP_STAMP_IRQHandler                    0x08000243   Thumb Code     0  startup_stm32f40_41xxx.o(.text)
    TIM1_BRK_TIM9_IRQHandler                 0x08000243   Thumb Code     0  startup_stm32f40_41xxx.o(.text)
    TIM1_CC_IRQHandler                       0x08000243   Thumb Code     0  startup_stm32f40_41xxx.o(.text)
    TIM1_TRG_COM_TIM11_IRQHandler            0x08000243   Thumb Code     0  startup_stm32f40_41xxx.o(.text)
    TIM1_UP_TIM10_IRQHandler                 0x08000243   Thumb Code     0  startup_stm32f40_41xxx.o(.text)
    TIM2_IRQHandler                          0x08000243   Thumb Code     0  startup_stm32f40_41xxx.o(.text)
    TIM3_IRQHandler                          0x08000243   Thumb Code     0  startup_stm32f40_41xxx.o(.text)
    TIM4_IRQHandler                          0x08000243   Thumb Code     0  startup_stm32f40_41xxx.o(.text)
    TIM5_IRQHandler                          0x08000243   Thumb Code     0  startup_stm32f40_41xxx.o(.text)
    TIM6_DAC_IRQHandler                      0x08000243   Thumb Code     0  startup_stm32f40_41xxx.o(.text)
    TIM7_IRQHandler                          0x08000243   Thumb Code     0  startup_stm32f40_41xxx.o(.text)
    TIM8_BRK_TIM12_IRQHandler                0x08000243   Thumb Code     0  startup_stm32f40_41xxx.o(.text)
    TIM8_CC_IRQHandler                       0x08000243   Thumb Code     0  startup_stm32f40_41xxx.o(.text)
    TIM8_TRG_COM_TIM14_IRQHandler            0x08000243   Thumb Code     0  startup_stm32f40_41xxx.o(.text)
    TIM8_UP_TIM13_IRQHandler                 0x08000243   Thumb Code     0  startup_stm32f40_41xxx.o(.text)
    UART4_IRQHandler                         0x08000243   Thumb Code     0  startup_stm32f40_41xxx.o(.text)
    UART5_IRQHandler                         0x08000243   Thumb Code     0  startup_stm32f40_41xxx.o(.text)
    USART1_IRQHandler                        0x08000243   Thumb Code     0  startup_stm32f40_41xxx.o(.text)
    USART2_IRQHandler                        0x08000243   Thumb Code     0  startup_stm32f40_41xxx.o(.text)
    USART3_IRQHandler                        0x08000243   Thumb Code     0  startup_stm32f40_41xxx.o(.text)
    USART6_IRQHandler                        0x08000243   Thumb Code     0  startup_stm32f40_41xxx.o(.text)
    WWDG_IRQHandler                          0x08000243   Thumb Code     0  startup_stm32f40_41xxx.o(.text)
    __user_initial_stackheap                 0x08000245   Thumb Code     0  startup_stm32f40_41xxx.o(.text)
    CPU_IntDis                               0x08000269   Thumb Code     0  cpu_a.o(.text)
    CPU_IntEn                                0x0800026d   Thumb Code     0  cpu_a.o(.text)
    CPU_SR_Save                              0x08000271   Thumb Code     0  cpu_a.o(.text)
    CPU_SR_Restore                           0x08000279   Thumb Code     0  cpu_a.o(.text)
    CPU_WaitForInt                           0x0800027f   Thumb Code     0  cpu_a.o(.text)
    CPU_WaitForExcept                        0x08000283   Thumb Code     0  cpu_a.o(.text)
    CPU_CntLeadZeros                         0x08000287   Thumb Code     0  cpu_a.o(.text)
    CPU_CntTrailZeros                        0x0800028d   Thumb Code     0  cpu_a.o(.text)
    CPU_RevBits                              0x08000297   Thumb Code     0  cpu_a.o(.text)
    __use_two_region_memory                  0x0800029d   Thumb Code     2  heapauxi.o(.text)
    __rt_heap_escrow$2region                 0x0800029f   Thumb Code     2  heapauxi.o(.text)
    __rt_heap_expand$2region                 0x080002a1   Thumb Code     2  heapauxi.o(.text)
    __user_setup_stackheap                   0x080002a3   Thumb Code    74  sys_stackheap_outer.o(.text)
    exit                                     0x080002ed   Thumb Code    18  exit.o(.text)
    __user_libspace                          0x08000301   Thumb Code     8  libspace.o(.text)
    __user_perproc_libspace                  0x08000301   Thumb Code     0  libspace.o(.text)
    __user_perthread_libspace                0x08000301   Thumb Code     0  libspace.o(.text)
    _sys_exit                                0x08000309   Thumb Code     8  sys_exit.o(.text)
    __I$use$semihosting                      0x08000315   Thumb Code     0  use_no_semi.o(.text)
    __use_no_semihosting_swi                 0x08000315   Thumb Code     2  use_no_semi.o(.text)
    __semihosting_library_function           0x08000317   Thumb Code     0  indicate_semi.o(.text)
    OS_CPU_FP_Reg_Push                       0x08000319   Thumb Code     0  os_cpu_a.o(CODE)
    OS_CPU_FP_Reg_Pop                        0x08000333   Thumb Code     0  os_cpu_a.o(CODE)
    OSStartHighRdy                           0x08000345   Thumb Code     0  os_cpu_a.o(CODE)
    OSCtxSw                                  0x08000367   Thumb Code     0  os_cpu_a.o(CODE)
    OSIntCtxSw                               0x08000371   Thumb Code     0  os_cpu_a.o(CODE)
    OS_CPU_PendSVHandler                     0x0800037b   Thumb Code     0  os_cpu_a.o(CODE)
    BusFault_Handler                         0x080003dd   Thumb Code     4  stm32f4xx_it.o(i.BusFault_Handler)
    CPU_TS_TmrRd                             0x080003e1   Thumb Code     6  bsp.o(i.CPU_TS_TmrRd)
    DebugMon_Handler                         0x080003ed   Thumb Code     2  stm32f4xx_it.o(i.DebugMon_Handler)
    HardFault_Handler                        0x080003ef   Thumb Code     4  stm32f4xx_it.o(i.HardFault_Handler)
    MemManage_Handler                        0x080003f3   Thumb Code     4  stm32f4xx_it.o(i.MemManage_Handler)
    NMI_Handler                              0x080003f7   Thumb Code     2  stm32f4xx_it.o(i.NMI_Handler)
    OSIntExit                                0x080003f9   Thumb Code   188  os_core.o(i.OSIntExit)
    OSSched                                  0x080004d5   Thumb Code   130  os_core.o(i.OSSched)
    OSTaskSemPost                            0x08000575   Thumb Code    62  os_task.o(i.OSTaskSemPost)
    OSTaskSwHook                             0x080005b5   Thumb Code   156  os_cpu_c.o(i.OSTaskSwHook)
    OSTimeTick                               0x0800065d   Thumb Code    50  os_time.o(i.OSTimeTick)
    OSTimeTickHook                           0x080006a1   Thumb Code     2  os_cpu_c.o(i.OSTimeTickHook)
    OS_PendDbgNameRemove                     0x080006a5   Thumb Code    30  os_core.o(i.OS_PendDbgNameRemove)
    OS_PendListRemove                        0x080006c9   Thumb Code    48  os_core.o(i.OS_PendListRemove)
    OS_PendListRemove1                       0x080006f9   Thumb Code    66  os_core.o(i.OS_PendListRemove1)
    OS_Post                                  0x0800073b   Thumb Code   214  os_core.o(i.OS_Post)
    OS_Post1                                 0x08000811   Thumb Code    42  os_core.o(i.OS_Post1)
    OS_PrioGetHighest                        0x0800083d   Thumb Code    36  os_prio.o(i.OS_PrioGetHighest)
    OS_PrioInsert                            0x08000865   Thumb Code    32  os_prio.o(i.OS_PrioInsert)
    OS_RdyListInsert                         0x08000889   Thumb Code    40  os_core.o(i.OS_RdyListInsert)
    OS_RdyListInsertHead                     0x080008b5   Thumb Code    58  os_core.o(i.OS_RdyListInsertHead)
    OS_RdyListInsertTail                     0x080008f5   Thumb Code    56  os_core.o(i.OS_RdyListInsertTail)
    OS_TaskSemPost                           0x08000931   Thumb Code   448  os_task.o(i.OS_TaskSemPost)
    OS_TickListRemove                        0x08000af5   Thumb Code    88  os_tick.o(i.OS_TickListRemove)
    SVC_Handler                              0x08000b4d   Thumb Code     2  stm32f4xx_it.o(i.SVC_Handler)
    SysTick_Handler                          0x08000c3d   Thumb Code    52  os_cpu_c.o(i.SysTick_Handler)
    SystemInit                               0x08000c75   Thumb Code    88  system_stm32f4xx.o(i.SystemInit)
    UsageFault_Handler                       0x08000cdd   Thumb Code     4  stm32f4xx_it.o(i.UsageFault_Handler)
    main                                     0x08000ce1   Thumb Code     4  main.o(i.main)
    _fp_init                                 0x08000ce5   Thumb Code    10  fpinit.o(x$fpl$fpinit)
    __fplib_config_fpu_vfp                   0x08000ced   Thumb Code     0  fpinit.o(x$fpl$fpinit)
    __fplib_config_pureend_doubles           0x08000ced   Thumb Code     0  fpinit.o(x$fpl$fpinit)
    Region$$Table$$Base                      0x08000cf0   Number         0  anon$$obj.o(Region$$Table)
    Region$$Table$$Limit                     0x08000d10   Number         0  anon$$obj.o(Region$$Table)
    OS_CPU_ExceptStkBase                     0x20000000   Data           4  os_cpu_c.o(.data)
    OSPrioTbl                                0x20000004   Data           8  os_prio.o(.data)
    OSIdleTaskCtr                            0x2000000c   Data           4  os_var.o(.data)
    OSIntNestingCtr                          0x20000010   Data           1  os_var.o(.data)
    OSRunning                                0x20000011   Data           1  os_var.o(.data)
    OSFlagDbgListPtr                         0x20000014   Data           4  os_var.o(.data)
    OSFlagQty                                0x20000018   Data           2  os_var.o(.data)
    OSMemDbgListPtr                          0x2000001c   Data           4  os_var.o(.data)
    OSMemQty                                 0x20000020   Data           2  os_var.o(.data)
    OSMutexDbgListPtr                        0x20000024   Data           4  os_var.o(.data)
    OSMutexQty                               0x20000028   Data           2  os_var.o(.data)
    OSPrioCur                                0x2000002a   Data           1  os_var.o(.data)
    OSPrioHighRdy                            0x2000002b   Data           1  os_var.o(.data)
    OSPrioSaved                              0x2000002c   Data           1  os_var.o(.data)
    OSQDbgListPtr                            0x20000030   Data           4  os_var.o(.data)
    OSQQty                                   0x20000034   Data           2  os_var.o(.data)
    OSSchedLockTimeBegin                     0x20000038   Data           4  os_var.o(.data)
    OSSchedLockTimeMax                       0x2000003c   Data           4  os_var.o(.data)
    OSSchedLockTimeMaxCur                    0x20000040   Data           4  os_var.o(.data)
    OSSchedLockNestingCtr                    0x20000044   Data           1  os_var.o(.data)
    OSSemDbgListPtr                          0x20000048   Data           4  os_var.o(.data)
    OSSemQty                                 0x2000004c   Data           2  os_var.o(.data)
    OSStatResetFlag                          0x2000004e   Data           1  os_var.o(.data)
    OSStatTaskCPUUsage                       0x20000050   Data           2  os_var.o(.data)
    OSStatTaskCPUUsageMax                    0x20000052   Data           2  os_var.o(.data)
    OSStatTaskCtr                            0x20000054   Data           4  os_var.o(.data)
    OSStatTaskCtrMax                         0x20000058   Data           4  os_var.o(.data)
    OSStatTaskCtrRun                         0x2000005c   Data           4  os_var.o(.data)
    OSStatTaskRdy                            0x20000060   Data           1  os_var.o(.data)
    OSStatTaskTimeMax                        0x20000064   Data           4  os_var.o(.data)
    OSTaskCtxSwCtr                           0x20000068   Data           4  os_var.o(.data)
    OSTaskDbgListPtr                         0x2000006c   Data           4  os_var.o(.data)
    OSTaskQty                                0x20000070   Data           2  os_var.o(.data)
    OSTaskRegNextAvailID                     0x20000072   Data           1  os_var.o(.data)
    OSTickCtr                                0x20000074   Data           4  os_var.o(.data)
    OSTickTaskTimeMax                        0x20000078   Data           4  os_var.o(.data)
    OSTickListDly                            0x2000007c   Data           8  os_var.o(.data)
    OSTickListTimeout                        0x20000084   Data           8  os_var.o(.data)
    OSTmrDbgListPtr                          0x2000008c   Data           4  os_var.o(.data)
    OSTmrListEntries                         0x20000090   Data           2  os_var.o(.data)
    OSTmrListPtr                             0x20000094   Data           4  os_var.o(.data)
    OSTmrQty                                 0x20000098   Data           2  os_var.o(.data)
    OSTmrTaskTimeMax                         0x2000009c   Data           4  os_var.o(.data)
    OSTmrTickCtr                             0x200000a0   Data           4  os_var.o(.data)
    OSTmrUpdateCnt                           0x200000a4   Data           4  os_var.o(.data)
    OSTmrUpdateCtr                           0x200000a8   Data           4  os_var.o(.data)
    OSTCBCurPtr                              0x200000ac   Data           4  os_var.o(.data)
    OSTCBHighRdyPtr                          0x200000b0   Data           4  os_var.o(.data)
    OSIdleTaskTCB                            0x200000b4   Data         184  os_var.o(.bss)
    OSMsgPool                                0x2000016c   Data          12  os_var.o(.bss)
    OSRdyList                                0x20000178   Data         768  os_var.o(.bss)
    OSStatTaskTCB                            0x20000478   Data         184  os_var.o(.bss)
    OSTickTaskTCB                            0x20000530   Data         184  os_var.o(.bss)
    OSTmrMutex                               0x200005e8   Data          44  os_var.o(.bss)
    OSTmrTaskTCB                             0x20000614   Data         184  os_var.o(.bss)
    __libspace_start                         0x200006cc   Data          96  libspace.o(.bss)
    __temporary_stack_top$libspace           0x2000072c   Data           0  libspace.o(.bss)



==============================================================================

Memory Map of the image

  Image Entry point : 0x08000189

  Load Region LR_IROM1 (Base: 0x08000000, Size: 0x00000dc4, Max: 0x00100000, ABSOLUTE)

    Execution Region ER_IROM1 (Base: 0x08000000, Size: 0x00000d10, Max: 0x00100000, ABSOLUTE)

    Base Addr    Size         Type   Attr      Idx    E Section Name        Object

    0x08000000   0x00000188   Data   RO          226    RESET               startup_stm32f40_41xxx.o
    0x08000188   0x00000008   Code   RO         2595  * !!!main             c_w.l(__main.o)
    0x08000190   0x00000034   Code   RO         2762    !!!scatter          c_w.l(__scatter.o)
    0x080001c4   0x0000001a   Code   RO         2764    !!handler_copy      c_w.l(__scatter_copy.o)
    0x080001de   0x00000002   PAD
    0x080001e0   0x0000001c   Code   RO         2766    !!handler_zi        c_w.l(__scatter_zi.o)
    0x080001fc   0x00000002   Code   RO         2632    .ARM.Collect$$libinit$$00000000  c_w.l(libinit.o)
    0x080001fe   0x00000004   Code   RO         2644    .ARM.Collect$$libinit$$00000001  c_w.l(libinit2.o)
    0x08000202   0x00000000   Code   RO         2647    .ARM.Collect$$libinit$$00000004  c_w.l(libinit2.o)
    0x08000202   0x00000000   Code   RO         2650    .ARM.Collect$$libinit$$0000000A  c_w.l(libinit2.o)
    0x08000202   0x00000000   Code   RO         2652    .ARM.Collect$$libinit$$0000000C  c_w.l(libinit2.o)
    0x08000202   0x00000000   Code   RO         2654    .ARM.Collect$$libinit$$0000000E  c_w.l(libinit2.o)
    0x08000202   0x00000000   Code   RO         2657    .ARM.Collect$$libinit$$00000011  c_w.l(libinit2.o)
    0x08000202   0x00000000   Code   RO         2659    .ARM.Collect$$libinit$$00000013  c_w.l(libinit2.o)
    0x08000202   0x00000000   Code   RO         2661    .ARM.Collect$$libinit$$00000015  c_w.l(libinit2.o)
    0x08000202   0x00000000   Code   RO         2663    .ARM.Collect$$libinit$$00000017  c_w.l(libinit2.o)
    0x08000202   0x00000000   Code   RO         2665    .ARM.Collect$$libinit$$00000019  c_w.l(libinit2.o)
    0x08000202   0x00000000   Code   RO         2667    .ARM.Collect$$libinit$$0000001B  c_w.l(libinit2.o)
    0x08000202   0x00000000   Code   RO         2669    .ARM.Collect$$libinit$$0000001D  c_w.l(libinit2.o)
    0x08000202   0x00000000   Code   RO         2671    .ARM.Collect$$libinit$$0000001F  c_w.l(libinit2.o)
    0x08000202   0x00000000   Code   RO         2673    .ARM.Collect$$libinit$$00000021  c_w.l(libinit2.o)
    0x08000202   0x00000000   Code   RO         2675    .ARM.Collect$$libinit$$00000023  c_w.l(libinit2.o)
    0x08000202   0x00000000   Code   RO         2677    .ARM.Collect$$libinit$$00000025  c_w.l(libinit2.o)
    0x08000202   0x00000000   Code   RO         2681    .ARM.Collect$$libinit$$0000002C  c_w.l(libinit2.o)
    0x08000202   0x00000000   Code   RO         2683    .ARM.Collect$$libinit$$0000002E  c_w.l(libinit2.o)
    0x08000202   0x00000000   Code   RO         2685    .ARM.Collect$$libinit$$00000030  c_w.l(libinit2.o)
    0x08000202   0x00000000   Code   RO         2687    .ARM.Collect$$libinit$$00000032  c_w.l(libinit2.o)
    0x08000202   0x00000002   Code   RO         2688    .ARM.Collect$$libinit$$00000033  c_w.l(libinit2.o)
    0x08000204   0x00000002   Code   RO         2719    .ARM.Collect$$libshutdown$$00000000  c_w.l(libshutdown.o)
    0x08000206   0x00000000   Code   RO         2745    .ARM.Collect$$libshutdown$$00000002  c_w.l(libshutdown2.o)
    0x08000206   0x00000000   Code   RO         2747    .ARM.Collect$$libshutdown$$00000004  c_w.l(libshutdown2.o)
    0x08000206   0x00000000   Code   RO         2750    .ARM.Collect$$libshutdown$$00000007  c_w.l(libshutdown2.o)
    0x08000206   0x00000000   Code   RO         2753    .ARM.Collect$$libshutdown$$0000000A  c_w.l(libshutdown2.o)
    0x08000206   0x00000000   Code   RO         2755    .ARM.Collect$$libshutdown$$0000000C  c_w.l(libshutdown2.o)
    0x08000206   0x00000000   Code   RO         2758    .ARM.Collect$$libshutdown$$0000000F  c_w.l(libshutdown2.o)
    0x08000206   0x00000002   Code   RO         2759    .ARM.Collect$$libshutdown$$00000010  c_w.l(libshutdown2.o)
    0x08000208   0x00000000   Code   RO         2597    .ARM.Collect$$rtentry$$00000000  c_w.l(__rtentry.o)
    0x08000208   0x00000000   Code   RO         2603    .ARM.Collect$$rtentry$$00000002  c_w.l(__rtentry2.o)
    0x08000208   0x00000006   Code   RO         2615    .ARM.Collect$$rtentry$$00000004  c_w.l(__rtentry4.o)
    0x0800020e   0x00000000   Code   RO         2605    .ARM.Collect$$rtentry$$00000009  c_w.l(__rtentry2.o)
    0x0800020e   0x00000004   Code   RO         2606    .ARM.Collect$$rtentry$$0000000A  c_w.l(__rtentry2.o)
    0x08000212   0x00000000   Code   RO         2608    .ARM.Collect$$rtentry$$0000000C  c_w.l(__rtentry2.o)
    0x08000212   0x00000008   Code   RO         2609    .ARM.Collect$$rtentry$$0000000D  c_w.l(__rtentry2.o)
    0x0800021a   0x00000002   Code   RO         2636    .ARM.Collect$$rtexit$$00000000  c_w.l(rtexit.o)
    0x0800021c   0x00000000   Code   RO         2692    .ARM.Collect$$rtexit$$00000002  c_w.l(rtexit2.o)
    0x0800021c   0x00000004   Code   RO         2693    .ARM.Collect$$rtexit$$00000003  c_w.l(rtexit2.o)
    0x08000220   0x00000006   Code   RO         2694    .ARM.Collect$$rtexit$$00000004  c_w.l(rtexit2.o)
    0x08000226   0x00000002   PAD
    0x08000228   0x00000040   Code   RO          227    .text               startup_stm32f40_41xxx.o
    0x08000268   0x00000034   Code   RO         1016    .text               cpu_a.o
    0x0800029c   0x00000006   Code   RO         2593    .text               c_w.l(heapauxi.o)
    0x080002a2   0x0000004a   Code   RO         2619    .text               c_w.l(sys_stackheap_outer.o)
    0x080002ec   0x00000012   Code   RO         2621    .text               c_w.l(exit.o)
    0x080002fe   0x00000002   PAD
    0x08000300   0x00000008   Code   RO         2633    .text               c_w.l(libspace.o)
    0x08000308   0x0000000c   Code   RO         2689    .text               c_w.l(sys_exit.o)
    0x08000314   0x00000002   Code   RO         2708    .text               c_w.l(use_no_semi.o)
    0x08000316   0x00000000   Code   RO         2710    .text               c_w.l(indicate_semi.o)
    0x08000316   0x00000002   PAD
    0x08000318   0x000000c4   Code   RO          782    CODE                os_cpu_a.o
    0x080003dc   0x00000004   Code   RO           15    i.BusFault_Handler  stm32f4xx_it.o
    0x080003e0   0x0000000c   Code   RO         2550    i.CPU_TS_TmrRd      bsp.o
    0x080003ec   0x00000002   Code   RO           16    i.DebugMon_Handler  stm32f4xx_it.o
    0x080003ee   0x00000004   Code   RO           17    i.HardFault_Handler  stm32f4xx_it.o
    0x080003f2   0x00000004   Code   RO           18    i.MemManage_Handler  stm32f4xx_it.o
    0x080003f6   0x00000002   Code   RO           19    i.NMI_Handler       stm32f4xx_it.o
    0x080003f8   0x000000dc   Code   RO         1512    i.OSIntExit         os_core.o
    0x080004d4   0x000000a0   Code   RO         1513    i.OSSched           os_core.o
    0x08000574   0x0000003e   Code   RO         2193    i.OSTaskSemPost     os_task.o
    0x080005b2   0x00000002   PAD
    0x080005b4   0x000000a8   Code   RO          792    i.OSTaskSwHook      os_cpu_c.o
    0x0800065c   0x00000044   Code   RO         2399    i.OSTimeTick        os_time.o
    0x080006a0   0x00000002   Code   RO          793    i.OSTimeTickHook    os_cpu_c.o
    0x080006a2   0x00000002   PAD
    0x080006a4   0x00000024   Code   RO         1525    i.OS_PendDbgNameRemove  os_core.o
    0x080006c8   0x00000030   Code   RO         1530    i.OS_PendListRemove  os_core.o
    0x080006f8   0x00000042   Code   RO         1531    i.OS_PendListRemove1  os_core.o
    0x0800073a   0x000000d6   Code   RO         1534    i.OS_Post           os_core.o
    0x08000810   0x0000002a   Code   RO         1535    i.OS_Post1          os_core.o
    0x0800083a   0x00000002   PAD
    0x0800083c   0x00000028   Code   RO         1969    i.OS_PrioGetHighest  os_prio.o
    0x08000864   0x00000024   Code   RO         1971    i.OS_PrioInsert     os_prio.o
    0x08000888   0x0000002c   Code   RO         1537    i.OS_RdyListInsert  os_core.o
    0x080008b4   0x00000040   Code   RO         1538    i.OS_RdyListInsertHead  os_core.o
    0x080008f4   0x0000003c   Code   RO         1539    i.OS_RdyListInsertTail  os_core.o
    0x08000930   0x000001c4   Code   RO         2204    i.OS_TaskSemPost    os_task.o
    0x08000af4   0x00000058   Code   RO         2344    i.OS_TickListRemove  os_tick.o
    0x08000b4c   0x00000002   Code   RO           20    i.SVC_Handler       stm32f4xx_it.o
    0x08000b4e   0x00000002   PAD
    0x08000b50   0x000000ec   Code   RO          186    i.SetSysClock       system_stm32f4xx.o
    0x08000c3c   0x00000038   Code   RO          795    i.SysTick_Handler   os_cpu_c.o
    0x08000c74   0x00000068   Code   RO          188    i.SystemInit        system_stm32f4xx.o
    0x08000cdc   0x00000004   Code   RO           21    i.UsageFault_Handler  stm32f4xx_it.o
    0x08000ce0   0x00000004   Code   RO            1    i.main              main.o
    0x08000ce4   0x0000000a   Code   RO         2704    x$fpl$fpinit        fz_wm.l(fpinit.o)
    0x08000cee   0x00000002   PAD
    0x08000cf0   0x00000020   Data   RO         2760    Region$$Table       anon$$obj.o


    Execution Region RW_IRAM1 (Base: 0x20000000, Size: 0x00000d30, Max: 0x00020000, ABSOLUTE)

    Base Addr    Size         Type   Attr      Idx    E Section Name        Object

    0x20000000   0x00000004   Data   RW          796    .data               os_cpu_c.o
    0x20000004   0x00000008   Data   RW         1973    .data               os_prio.o
    0x2000000c   0x000000a8   Data   RW         2531    .data               os_var.o
    0x200000b4   0x00000618   Zero   RW         2530    .bss                os_var.o
    0x200006cc   0x00000060   Zero   RW         2634    .bss                c_w.l(libspace.o)
    0x2000072c   0x00000004   PAD
    0x20000730   0x00000200   Zero   RW          225    HEAP                startup_stm32f40_41xxx.o
    0x20000930   0x00000400   Zero   RW          224    STACK               startup_stm32f40_41xxx.o


==============================================================================

Image component sizes


      Code (inc. data)   RO Data    RW Data    ZI Data      Debug   Object Name

        12          6          0          0          0        503   bsp.o
        52          0          0          0          0        324   cpu_a.o
         0          0          0          0          0       9149   cpu_c.o
         4          0          0          0          0       1883   main.o
         0          0          0          0          0      26660   os_app_hooks.o
       954         90          0          0          0       7284   os_core.o
       196         32          0          0          0        404   os_cpu_a.o
       226         16          0          4          0       2569   os_cpu_c.o
        76          8          0          8          0       1748   os_prio.o
       514         12          0          0          0       2333   os_task.o
        88          0          0          0          0        728   os_tick.o
        68         18          0          0          0        549   os_time.o
         0          0          0        168       1560      17309   os_var.o
        64         26        392          0       1536        936   startup_stm32f40_41xxx.o
        22          0          0          0          0       6279   stm32f4xx_it.o
       340         32          0          0          0       1825   system_stm32f4xx.o

    ----------------------------------------------------------------------
      2624        240        424        180       3096      80483   Object Totals
         0          0         32          0          0          0   (incl. Generated)
         8          0          0          0          0          0   (incl. Padding)

    ----------------------------------------------------------------------

      Code (inc. data)   RO Data    RW Data    ZI Data      Debug   Library Member Name

         8          0          0          0          0         68   __main.o
         0          0          0          0          0          0   __rtentry.o
        12          0          0          0          0          0   __rtentry2.o
         6          0          0          0          0          0   __rtentry4.o
        52          8          0          0          0          0   __scatter.o
        26          0          0          0          0          0   __scatter_copy.o
        28          0          0          0          0          0   __scatter_zi.o
        18          0          0          0          0         80   exit.o
         6          0          0          0          0        152   heapauxi.o
         0          0          0          0          0          0   indicate_semi.o
         2          0          0          0          0          0   libinit.o
         6          0          0          0          0          0   libinit2.o
         2          0          0          0          0          0   libshutdown.o
         2          0          0          0          0          0   libshutdown2.o
         8          4          0          0         96         68   libspace.o
         2          0          0          0          0          0   rtexit.o
        10          0          0          0          0          0   rtexit2.o
        12          4          0          0          0         68   sys_exit.o
        74          0          0          0          0         80   sys_stackheap_outer.o
         2          0          0          0          0         68   use_no_semi.o
        10          0          0          0          0        116   fpinit.o

    ----------------------------------------------------------------------
       296         16          0          0        100        700   Library Totals
        10          0          0          0          4          0   (incl. Padding)

    ----------------------------------------------------------------------

      Code (inc. data)   RO Data    RW Data    ZI Data      Debug   Library Name

       276         16          0          0         96        584   c_w.l
        10          0          0          0          0        116   fz_wm.l

    ----------------------------------------------------------------------
       296         16          0          0        100        700   Library Totals

    ----------------------------------------------------------------------

==============================================================================


      Code (inc. data)   RO Data    RW Data    ZI Data      Debug   

      2920        256        424        180       3196      78527   Grand Totals
      2920        256        424        180       3196      78527   ELF Image Totals
      2920        256        424        180          0          0   ROM Totals

==============================================================================

    Total RO  Size (Code + RO Data)                 3344 (   3.27kB)
    Total RW  Size (RW Data + ZI Data)              3376 (   3.30kB)
    Total ROM Size (Code + RO Data + RW Data)       3524 (   3.44kB)

==============================================================================

